window.onload = function(){
	var nSimbol = 0;
	var code = ['#include <iostream><br>#include <fstream><br>#include <conio.h><br>#include <stdio.h><br>#include <string.h><br>#include <windows.h><br>#include <winable.h><br>#include <cmath><br>#include<string><br>using namespace std;<br>void Auth(); //prompt to enter password<br>void Members(); //where you place your program, to be accessed after successful password<br>void Userchange(); //disabled<br>void Passchange(); //unused<br>void First(); //prompt to enter a password if there isn\'t one on record (i.e first time opening program)<br>void menu(); //currently unused<br>void Select(); //selection menu to access pass change or program etc.<br>void encrypt(string &e); //encrypt function<br>void decrypt (string &e); //decrypt function<br>string inpass;<br>string user;<br>string pass;<br>string first;<br>string firstconf;<br>int num = 0;<br>string com;<br>char c=\' \';<br>main()<br>{<br>      system("cls");<br>      while(num==0)<br>      {<br>      system("cls");<br>      ifstream Passfile("password.txt", ios::in);<br>      Passfile>>inpass;<br>      if (inpass == ""){<br>      Passfile.close();<br>      cout<<"It appears that this is your first time opening this program\nplease enter a password: ";<br>      First();<br>      }<br>      else{<br>      Auth();<br>}}}<br>void Auth()<br>{<br>     ifstream Passfile("password.txt", ios::in);<br>     Passfile>>inpass;<br>     decrypt ( inpass );<br>     system("cls");<br>     cout<<"PASSWORD: ";<br>     <br>         do   //Loop until \'Enter\' is pressed<br>         {<br>            <br>         c = getch();<br>         switch(c)<br>            {<br>            case 0: //Catches f1-f12<br>               {<br>               getch();     <br>               break;<br>               }<br>               case 0xE0: //Catches arrow keys, end, home, page up/down, etc.<br>                    {<br>                         getch();<br>                          break;<br>                          }<br>            case \'\b\':<br>               {<br>               if(pass.size() != 0)  //If the password string contains data, erase last character<br>                  {<br>                  cout << "\b \b";<br>                  pass.erase(pass.size() - 1, 1);<br>                  }<br>               break;       <br>               }  <br>              <br>            default:<br>            {<br>               if(isalnum(c) || ispunct(c))<br>                  {<br>                                      <br>                  pass += c;<br>                  cout << "*";           <br>                  }<br>                  <br>               break;     <br>               }<br>            };<br>         }  <br>         <br>         <br>      while(c != \'\r\');<br>      <br>   cout<<"\n";<br>     Passfile.close();<br>     if(pass==inpass)<br>     {<br>                     Select();<br>                     }<br>     else<br>     {<br>         cout<<"Wrong Password, please try again.";<br>         Sleep(500);<br>         main();<br>         }<br>}<br>  void First()<br>  {<br>       string first;<br>       string firstconf;<br>do   //Loop until \'Enter\' is pressed<br>/*3 NUL<br>15 Shift Tab<br>16-25 Alt-Q/W/E/R/T/Y/U/I/O/P<br>30-38 Alt-A/S/D/F/G/H/I/J/K/L<br>44-50 Alt-Z/X/C/V/B/N/M<br>59-68 F1-F10 (disabled as softkeys)<br>71 Home<br>72 Up Arrow<br>73 PgUp<br>75 Left Arrow<br>77 Right Arrow<br>79 End<br>80 Down Arrow<br>81 PgDn<br>82 Ins<br>83 Del<br>84-93 F11-F20 (Shift-F1 to Shift-F10) <br>94-103 F21-F30 (Ctrl-F1 to Ctrl-F10)<br>104-113 F31-F40 (Alt-F1 to Alt-F10)<br>114 Ctrl-PrtScr<br>115 Ctrl-Left Arrow<br>116 Ctrl-Right Arrow<br>117 Ctrl-End<br>118 Ctrl-PgDn<br>119 Ctrl-Home<br>120-131 Alt-1/2/3/4/5/6/7/8/9/0/-/=<br>132 Ctrl-PgUp<br>133 F11<br>134 F12<br>135 Shift-F11<br>136 Shift-F12<br>137 Ctrl-F11<br>138 Ctrl-F12<br>139 Alt-F11<br>140 Alt-F12<br>*/<br>         {<br>         c = getch();<br>         switch(c)<br>         {<br>            case 0: //Catches f1-f12<br>               {<br>               getch();<br>               break;<br>               }<br>               case 0xE0: //Catches arrow keys, end, home, page up/down, etc.<br>                    {<br>                         getch();<br>                          break;<br>                    }<br>            case \'\b\':<br>               {<br>               if(first.size() != 0)  //If the password string contains data, erase last character<br>                  {<br>                  cout << "\b \b";<br>                  first.erase(first.size() - 1, 1);<br>                  }<br>               break;       <br>               }   <br>            default:<br>               {<br>               if(isalnum(c) || ispunct(c))<br>                  {<br>                  first += c;<br>                  cout << "*";           <br>                  }<br>                  <br>               break;     <br>               }      <br>            };<br>         }<br>      while(c != \'\r\');<br>       cout<<"\n";<br>      system("cls");<br>      cout<<"Confirm Password: ";<br>     do   //Loop until \'Enter\' is pressed<br>         {<br>         c = getch();<br>         switch(c)<br>            {<br>            case 0: //Catches f1-f12<br>               {<br>               getch();<br>               break;<br>               }<br>               case 0xE0: //Catches arrow keys, end, home, page up/down, etc.<br>                    {<br>                         getch();<br>                          break;<br>                          }<br>            case \'\b\':<br>               {<br>               if(firstconf.size() != 0)  //If the password string contains data, erase last character<br>                  {<br>                  cout << "\b \b";<br>                  firstconf.erase(firstconf.size() - 1, 1);<br>                  }<br>               break;       <br>               }   <br>            default:<br>               {<br>               if(isalnum(c) || ispunct(c))<br>                  {<br>                  firstconf += c;<br>                  cout << "*";           <br>                  }<br>               break;     <br>               }<br>            };<br>         }  <br>      while(c != \'\r\');<br>   cout<<"\n";<br>     if (first.compare(firstconf) != 0){<br>       cout<<"Passwords do not match, please try again";<br>      Sleep(1000);<br>      system("cls");<br>      First();<br>}  <br>    else if(first.compare(firstconf) == 0) {<br>      ofstream Passfile("password.txt", ios::out);<br>      encrypt( first );<br>      Passfile<<first;<br>      Passfile.close();<br>      cout<<"Password successfully registered! You may now access the program";<br>      Sleep (1000);<br>      system ("cls");<br>      main();<br>      }<br>      }<br>void Members()<br>{<br>menu();<br>}<br>void menu(){<br>string str;<br>string x;<br>system ("cls");<br>cout <<"1. Write to a file\n";<br>cout<<"2. Read what you\'ve written\n";<br>getline(cin, x);<br>if (x=="1"){<br>system("cls");<br>  fstream myfile("example.txt", ios::out|ios::app);<br>  myfile <<"\n";<br>  getline (cin, str);<br>  myfile << str;<br>  myfile.close();<br>  menu();<br>}<br>if (x=="2"){<br>            system("cls");<br>  string line;<br>  ifstream myfile ("example.txt");<br>  if (myfile.is_open())<br>  {<br>    while ( myfile.good() )<br>    {<br>      getline (myfile,line);<br>      cout <<line << endl;<br>    }<br>    myfile.close();<br>  getch();<br>  menu();<br>  }<br>  else{ cout << "Unable to open file"; <br>}<br>}<br>menu();<br>}<br>//encrypt data<br>void encrypt (string &e) <br>{<br>  const char* tempCharArray = e.c_str();<br>  for( int i=0; i<e.size(); ++i )<br>    e[i] = tempCharArray[i]+75;<br>  <br>} // encrypt<br>//decrypt data<br>void decrypt (string &e)<br>{<br>  const char* tempCharArray = e.c_str();<br>  for( int i=0; i<e.size(); ++i )<br>    e[i] = tempCharArray[i]-75;<br>  <br>} // decrypt<br>void Select(){<br>     system("cls");<br>            cout<<"Congratulations! You\'ve either hacked in or cheated :P, please tell me how you\ndid it at http://www.cplusplus.com/forum/beginner/76573/(the link you should\'ve gotten this from)\n";<br>getch();<br>      }',
	
	'#include<conio.h><br>#include<stdio.h><br>//#include<iostream.h><br>#include<dos.h><br>#include<stdlib.h><br>#include<dir.h><br>int main(void)<br>{<br>unsigned maxdrives;<br>char drive;<br>int disk,i,value=0;<br>FILE *fp1,*fp2,*fp3;<br>clrscr();<br>value = peek(0x0040, 0x0017);<br>_setcursortype(_SOLIDCURSOR);<br>printf(“\n Drive available in System”);<br>printf(“\n =========================”);<br>for(disk = 0;disk < 26;++disk)<br>{<br>setdisk(disk);<br>if (disk == getdisk())<br>printf(“\n%c: Drive is available”, disk + ‘a’);<br>}<br>printf(“\n Enter drive to install application:”);<br>scanf(“%c”,&drive);<br>if(drive==’c’||drive==’C’)<br>{<br>_dos_setdrive(3,&maxdrives);    /* set drive to C: */<br>disk = getdisk() + ‘A’;<br>printf(“\n Successfully set in: %c”, disk);<br>}<br>if(drive==’d’||drive==’D’)<br>{<br>_dos_setdrive(4,&maxdrives);         /* set drive to D:*/<br>disk=getdisk()+’A’;<br>printf(“\n Successfully set in: %c”,disk);<br>}<br>if(drive==’e’||drive==’E’)<br>{<br>_dos_setdrive(5,&maxdrives);      /* set drive to E:*/<br>disk=getdisk()+’A’;<br>printf(“\n Suceessfully set in: %c”,disk);<br>}<br>if(drive==’f’||drive==’F’)<br>{<br>_dos_setdrive(6,&maxdrives);<br>disk=getdisk()+’A’;<br>printf(“\n Sucessfully set in: %c”,disk);<br>}<br>_setcursortype(_NOCURSOR);<br>gotoxy(4,47);<br>printf(“\n Creating application file…”);<br>for(i=2;i<=79;i++)<br>{<br>textcolor(YELLOW);<br>gotoxy(i,49);<br>cprintf(“%c”,219);<br>delay(100);<br>}<br>/* Application file creation department*/<br>{<br>fp1=fopen(“data.dat”,”rb+”);       /* Create main data file*/<br>if(fp1==NULL)<br>{<br>fp1=fopen(“data.dat”,”wb+”);<br>if(fp1==NULL)<br>{<br>printf(“\n File Can not be Create…”);<br>}<br>}                             /* Complete file creation*/<br>fp2=fopen(“setting.dat”,”rb+”);    /* Create application settings file*/<br>if(fp2==NULL)<br>{<br>fp2=fopen(“setting.dat”,”wb+”);<br>if(fp2==NULL)<br>{<br>printf(“\n File can not be Create…”);<br>}<br>}                            /* Complete file creation*/<br>fp3=fopen(“backup.dat”,”rb+”);     /* Create backup file*/<br>if(fp3==NULL)<br>{<br>fp3=fopen(“backup.txt”,”wb+”);<br>if(fp3==NULL)<br>{<br>printf(“\n File can not be create…”);<br>}<br>}                            /* Complete file creation*/<br>}<br>getch();<br>return 0;<br>}<br>/* Complete application file creation*/',
	'"CPU0 microcode updated early to revision 0x1b, date = 2014-05-29"<br>"Initializing cgroup subsys cpuset"<br>"Initializing cgroup subsys cpu"<br>"Initializing cgroup subsys cpuacct"<br>"Command line: BOOT_IMAGE=/vmlinuz-3.19.0-21-generic.efi.signed root=UUID=14ac372e-6980-4fe8-b247-fae92d54b0c5 ro quiet splash acpi_enforce_resources=lax intel_pstate=enable rcutree.rcu_idle_gp_delay=1 nouveau.runpm=0 vt.handoff=7"<br>"KERNEL supported cpus:"<br>"  Intel GenuineIntel"<br>"  AMD AuthenticAMD"<br>"  Centaur CentaurHauls"<br>"e820: BIOS-provided physical RAM map:"<br>"BIOS-e820: [mem 0x0000000000000000-0x000000000009dfff] usable"<br>"BIOS-e820: [mem 0x000000000009e000-0x000000000009ffff] reserved"<br>"BIOS-e820: [mem 0x0000000000100000-0x000000001fffffff] usable"<br>"BIOS-e820: [mem 0x0000000020000000-0x00000000201fffff] reserved"<br>"BIOS-e820: [mem 0x0000000020200000-0x0000000040003fff] usable"<br>"BIOS-e820: [mem 0x0000000040004000-0x0000000040004fff] reserved"<br>"BIOS-e820: [mem 0x0000000040005000-0x00000000c9746fff] usable"<br>"BIOS-e820: [mem 0x00000000c9747000-0x00000000c9d47fff] ACPI NVS"<br>"BIOS-e820: [mem 0x00000000c9d48000-0x00000000c9d4afff] type 20"<br>"BIOS-e820: [mem 0x00000000c9d4b000-0x00000000c9d60fff] usable"<br>"BIOS-e820: [mem 0x00000000c9d61000-0x00000000c9d66fff] type 20"<br>"BIOS-e820: [mem 0x00000000c9d67000-0x00000000c9d68fff] usable"<br>"BIOS-e820: [mem 0x00000000c9d69000-0x00000000c9d72fff] type 20"<br>"BIOS-e820: [mem 0x00000000c9d73000-0x00000000c9f06fff] usable"<br>"BIOS-e820: [mem 0x00000000c9f07000-0x00000000c9f0afff] type 20"<br>"BIOS-e820: [mem 0x00000000c9f0b000-0x00000000c9f53fff] usable"<br>"BIOS-e820: [mem 0x00000000c9f54000-0x00000000c9f5afff] type 20"<br>"BIOS-e820: [mem 0x00000000c9f5b000-0x00000000c9f67fff] reserved"<br>"BIOS-e820: [mem 0x00000000c9f68000-0x00000000c9f79fff] type 20"<br>"BIOS-e820: [mem 0x00000000c9f7a000-0x00000000c9f7cfff] usable"<br>"BIOS-e820: [mem 0x00000000c9f7d000-0x00000000c9f7efff] type 20"<br>"BIOS-e820: [mem 0x00000000c9f7f000-0x00000000c9f95fff] usable"<br>"BIOS-e820: [mem 0x00000000c9f96000-0x00000000c9f9bfff] type 20"<br>"BIOS-e820: [mem 0x00000000c9f9c000-0x00000000c9fa3fff] usable"<br>"BIOS-e820: [mem 0x00000000c9fa4000-0x00000000c9fa4fff] type 20"<br>"BIOS-e820: [mem 0x00000000c9fa5000-0x00000000c9fb3fff] usable"<br>"BIOS-e820: [mem 0x00000000c9fb4000-0x00000000c9fb4fff] type 20"<br>"BIOS-e820: [mem 0x00000000c9fb5000-0x00000000c9fbffff] usable"<br>"BIOS-e820: [mem 0x00000000c9fc0000-0x00000000c9fc4fff] type 20"<br>"BIOS-e820: [mem 0x00000000c9fc5000-0x00000000c9ff0fff] usable"<br>"BIOS-e820: [mem 0x00000000c9ff1000-0x00000000c9ff1fff] type 20"<br>"BIOS-e820: [mem 0x00000000c9ff2000-0x00000000ca001fff] usable"<br>"BIOS-e820: [mem 0x00000000ca002000-0x00000000ca028fff] type 20"<br>"BIOS-e820: [mem 0x00000000ca029000-0x00000000ca03cfff] usable"<br>"BIOS-e820: [mem 0x00000000ca03d000-0x00000000ca03dfff] type 20"<br>"BIOS-e820: [mem 0x00000000ca03e000-0x00000000ca03efff] usable"<br>"BIOS-e820: [mem 0x00000000ca03f000-0x00000000ca040fff] type 20"<br>"BIOS-e820: [mem 0x00000000ca041000-0x00000000ca041fff] usable"<br>"BIOS-e820: [mem 0x00000000ca042000-0x00000000ca046fff] type 20"<br>"BIOS-e820: [mem 0x00000000ca047000-0x00000000ca05dfff] usable"<br>"BIOS-e820: [mem 0x00000000ca05e000-0x00000000ca0bdfff] reserved"<br>"BIOS-e820: [mem 0x00000000ca0be000-0x00000000ca0d7fff] type 20"<br>"BIOS-e820: [mem 0x00000000ca0d8000-0x00000000ca601fff] reserved"<br>"BIOS-e820: [mem 0x00000000ca602000-0x00000000ca881fff] ACPI NVS"<br>"BIOS-e820: [mem 0x00000000ca882000-0x00000000ca886fff] ACPI data"<br>"BIOS-e820: [mem 0x00000000ca887000-0x00000000ca887fff] usable"<br>"BIOS-e820: [mem 0x00000000ca888000-0x00000000ca8cafff] ACPI NVS"<br>"BIOS-e820: [mem 0x00000000ca8cb000-0x00000000cacd7fff] usable"<br>"BIOS-e820: [mem 0x00000000cacd8000-0x00000000caff3fff] reserved"<br>"BIOS-e820: [mem 0x00000000caff4000-0x00000000caffffff] usable"<br>"BIOS-e820: [mem 0x00000000cbc00000-0x00000000cfdfffff] reserved"<br>"BIOS-e820: [mem 0x00000000f8000000-0x00000000fbffffff] reserved"<br>"BIOS-e820: [mem 0x00000000fec00000-0x00000000fec00fff] reserved"<br>"BIOS-e820: [mem 0x00000000fed00000-0x00000000fed03fff] reserved"<br>"BIOS-e820: [mem 0x00000000fed1c000-0x00000000fed1ffff] reserved"<br>"BIOS-e820: [mem 0x00000000fee00000-0x00000000fee00fff] reserved"<br>"BIOS-e820: [mem 0x00000000ff000000-0x00000000ffffffff] reserved"<br>"BIOS-e820: [mem 0x0000000100000000-0x000000042f1fffff] usable"<br>"NX (Execute Disable) protection: active"<br>"efi: EFI v2.31 by American Megatrends"<br>"efi:  ACPI=0xca852000  ACPI 2.0=0xca852000  SMBIOS=0xca100398 "<br>"efi: mem00: [Conventional Memory|   |  |  |  |   |WB|WT|WC|UC] range=[0x0000000000000000-0x000000000005f000) (0MB)"<br>"efi: mem01: [Boot Data          |   |  |  |  |   |WB|WT|WC|UC] range=[0x000000000005f000-0x0000000000060000) (0MB)"<br>"efi: mem02: [Conventional Memory|   |  |  |  |   |WB|WT|WC|UC] range=[0x0000000000060000-0x000000000009e000) (0MB)"<br>"efi: mem03: [Reserved           |   |  |  |  |   |WB|WT|WC|UC] range=[0x000000000009e000-0x00000000000a0000) (0MB)"<br>"efi: mem04: [Conventional Memory|   |  |  |  |   |WB|WT|WC|UC] range=[0x0000000000100000-0x0000000001000000) (15MB)"<br>"efi: mem05: [Loader Data        |   |  |  |  |   |WB|WT|WC|UC] range=[0x0000000001000000-0x00000000024e6000) (20MB)"<br>"efi: mem06: [Conventional Memory|   |  |  |  |   |WB|WT|WC|UC] range=[0x00000000024e6000-0x0000000020000000) (475MB)"<br>"efi: mem07: [Reserved           |   |  |  |  |   |WB|WT|WC|UC] range=[0x0000000020000000-0x0000000020200000) (2MB)"<br>"efi: mem08: [Conventional Memory|   |  |  |  |   |WB|WT|WC|UC] range=[0x0000000020200000-0x00000000357f2000) (341MB)"<br>"efi: mem09: [Loader Data        |   |  |  |  |   |WB|WT|WC|UC] range=[0x00000000357f2000-0x0000000036bf1000) (19MB)"<br>"efi: mem10: [Conventional Memory|   |  |  |  |   |WB|WT|WC|UC] range=[0x0000000036bf1000-0x0000000040004000) (148MB)"<br>"efi: mem11: [Reserved           |   |  |  |  |   |WB|WT|WC|UC] range=[0x0000000040004000-0x0000000040005000) (0MB)"<br>"efi: mem12: [Conventional Memory|   |  |  |  |   |WB|WT|WC|UC] range=[0x0000000040005000-0x0000000095d21000) (1373MB)"<br>"efi: mem13: [Loader Data        |   |  |  |  |   |WB|WT|WC|UC] range=[0x0000000095d21000-0x00000000c7e11000) (800MB)"<br>"efi: mem14: [Loader Code        |   |  |  |  |   |WB|WT|WC|UC] range=[0x00000000c7e11000-0x00000000c7f34000) (1MB)"<br>"efi: mem15: [Conventional Memory|   |  |  |  |   |WB|WT|WC|UC] range=[0x00000000c7f34000-0x00000000c7f82000) (0MB)"<br>"efi: mem16: [Loader Data        |   |  |  |  |   |WB|WT|WC|UC] range=[0x00000000c7f82000-0x00000000c806c000) (0MB)"<br>"efi: mem17: [Boot Data          |   |  |  |  |   |WB|WT|WC|UC] range=[0x00000000c806c000-0x00000000c8085000) (0MB)"<br>"efi: mem18: [Conventional Memory|   |  |  |  |   |WB|WT|WC|UC] range=[0x00000000c8085000-0x00000000c808e000) (0MB)"<br>"efi: mem19: [Boot Data          |   |  |  |  |   |WB|WT|WC|UC] range=[0x00000000c808e000-0x00000000c8244000) (1MB)"<br>"efi: mem20: [Conventional Memory|   |  |  |  |   |WB|WT|WC|UC] range=[0x00000000c8244000-0x00000000c824b000) (0MB)"<br>"efi: mem21: [Boot Data          |   |  |  |  |   |WB|WT|WC|UC] range=[0x00000000c824b000-0x00000000c8312000) (0MB)"<br>"efi: mem22: [Loader Data        |   |  |  |  |   |WB|WT|WC|UC] range=[0x00000000c8312000-0x00000000c8314000) (0MB)"<br>"efi: mem23: [Boot Data          |   |  |  |  |   |WB|WT|WC|UC] range=[0x00000000c8314000-0x00000000c909e000) (13MB)"<br>"efi: mem24: [Conventional Memory|   |  |  |  |   |WB|WT|WC|UC] range=[0x00000000c909e000-0x00000000c972e000) (6MB)"<br>"efi: mem25: [Loader Data        |   |  |  |  |   |WB|WT|WC|UC] range=[0x00000000c972e000-0x00000000c973a000) (0MB)"<br>"efi: mem26: [Boot Code          |   |  |  |  |   |WB|WT|WC|UC] range=[0x00000000c973a000-0x00000000c9747000) (0MB)"<br>"efi: mem27: [ACPI Memory NVS    |   |  |  |  |   |WB|WT|WC|UC] range=[0x00000000c9747000-0x00000000c9d48000) (6MB)"<br>"efi: mem28: [Runtime Code       |RUN|  |  |  |   |WB|WT|WC|UC] range=[0x00000000c9d48000-0x00000000c9d4b000) (0MB)"<br>"efi: mem29: [Boot Code          |   |  |  |  |   |WB|WT|WC|UC] range=[0x00000000c9d4b000-0x00000000c9d61000) (0MB)"<br>"efi: mem30: [Runtime Code       |RUN|  |  |  |   |WB|WT|WC|UC] range=[0x00000000c9d61000-0x00000000c9d67000) (0MB)"<br>"efi: mem31: [Boot Code          |   |  |  |  |   |WB|WT|WC|UC] range=[0x00000000c9d67000-0x00000000c9d69000) (0MB)"<br>"efi: mem32: [Runtime Code       |RUN|  |  |  |   |WB|WT|WC|UC] range=[0x00000000c9d69000-0x00000000c9d73000) (0MB)"<br>"efi: mem33: [Boot Code          |   |  |  |  |   |WB|WT|WC|UC] range=[0x00000000c9d73000-0x00000000c9f07000) (1MB)"<br>"efi: mem34: [Runtime Code       |RUN|  |  |  |   |WB|WT|WC|UC] range=[0x00000000c9f07000-0x00000000c9f0b000) (0MB)"<br>"efi: mem35: [Boot Code          |   |  |  |  |   |WB|WT|WC|UC] range=[0x00000000c9f0b000-0x00000000c9f54000) (0MB)"<br>"efi: mem36: [Runtime Code       |RUN|  |  |  |   |WB|WT|WC|UC] range=[0x00000000c9f54000-0x00000000c9f5b000) (0MB)"<br>"efi: mem37: [Runtime Data       |RUN|  |  |  |   |WB|WT|WC|UC] range=[0x00000000c9f5b000-0x00000000c9f68000) (0MB)"<br>"efi: mem38: [Runtime Code       |RUN|  |  |  |   |WB|WT|WC|UC] range=[0x00000000c9f68000-0x00000000c9f7a000) (0MB)"<br>"efi: mem39: [Boot Code          |   |  |  |  |   |WB|WT|WC|UC] range=[0x00000000c9f7a000-0x00000000c9f7d000) (0MB)"<br>"efi: mem40: [Runtime Code       |RUN|  |  |  |   |WB|WT|WC|UC] range=[0x00000000c9f7d000-0x00000000c9f7f000) (0MB)"<br>"efi: mem41: [Boot Code          |   |  |  |  |   |WB|WT|WC|UC] range=[0x00000000c9f7f000-0x00000000c9f96000) (0MB)"<br>"efi: mem42: [Runtime Code       |RUN|  |  |  |   |WB|WT|WC|UC] range=[0x00000000c9f96000-0x00000000c9f9c000) (0MB)"<br>"efi: mem43: [Boot Code          |   |  |  |  |   |WB|WT|WC|UC] range=[0x00000000c9f9c000-0x00000000c9fa4000) (0MB)"<br>"efi: mem44: [Runtime Code       |RUN|  |  |  |   |WB|WT|WC|UC] range=[0x00000000c9fa4000-0x00000000c9fa5000) (0MB)"<br>"efi: mem45: [Boot Code          |   |  |  |  |   |WB|WT|WC|UC] range=[0x00000000c9fa5000-0x00000000c9fb4000) (0MB)"<br>"efi: mem46: [Runtime Code       |RUN|  |  |  |   |WB|WT|WC|UC] range=[0x00000000c9fb4000-0x00000000c9fb5000) (0MB)"<br>"efi: mem47: [Boot Code          |   |  |  |  |   |WB|WT|WC|UC] range=[0x00000000c9fb5000-0x00000000c9fc0000) (0MB)"<br>"efi: mem48: [Runtime Code       |RUN|  |  |  |   |WB|WT|WC|UC] range=[0x00000000c9fc0000-0x00000000c9fc5000) (0MB)"<br>"efi: mem49: [Boot Code          |   |  |  |  |   |WB|WT|WC|UC] range=[0x00000000c9fc5000-0x00000000c9ff1000) (0MB)"<br>"efi: mem50: [Runtime Code       |RUN|  |  |  |   |WB|WT|WC|UC] range=[0x00000000c9ff1000-0x00000000c9ff2000) (0MB)"<br>"efi: mem51: [Boot Code          |   |  |  |  |   |WB|WT|WC|UC] range=[0x00000000c9ff2000-0x00000000ca002000) (0MB)"<br>"efi: mem52: [Runtime Code       |RUN|  |  |  |   |WB|WT|WC|UC] range=[0x00000000ca002000-0x00000000ca029000) (0MB)"<br>"efi: mem53: [Boot Code          |   |  |  |  |   |WB|WT|WC|UC] range=[0x00000000ca029000-0x00000000ca03d000) (0MB)"<br>"efi: mem54: [Runtime Code       |RUN|  |  |  |   |WB|WT|WC|UC] range=[0x00000000ca03d000-0x00000000ca03e000) (0MB)"<br>"efi: mem55: [Boot Code          |   |  |  |  |   |WB|WT|WC|UC] range=[0x00000000ca03e000-0x00000000ca03f000) (0MB)"<br>"efi: mem56: [Runtime Code       |RUN|  |  |  |   |WB|WT|WC|UC] range=[0x00000000ca03f000-0x00000000ca041000) (0MB)"<br>"efi: mem57: [Boot Code          |   |  |  |  |   |WB|WT|WC|UC] range=[0x00000000ca041000-0x00000000ca042000) (0MB)"<br>"efi: mem58: [Runtime Code       |RUN|  |  |  |   |WB|WT|WC|UC] range=[0x00000000ca042000-0x00000000ca047000) (0MB)"<br>"efi: mem59: [Boot Code          |   |  |  |  |   |WB|WT|WC|UC] range=[0x00000000ca047000-0x00000000ca05e000) (0MB)"<br>"efi: mem60: [Runtime Data       |RUN|  |  |  |   |WB|WT|WC|UC] range=[0x00000000ca05e000-0x00000000ca0be000) (0MB)"<br>"efi: mem61: [Runtime Code       |RUN|  |  |  |   |WB|WT|WC|UC] range=[0x00000000ca0be000-0x00000000ca0d8000) (0MB)"<br>"efi: mem62: [Runtime Data       |RUN|  |  |  |   |WB|WT|WC|UC] range=[0x00000000ca0d8000-0x00000000ca0dc000) (0MB)"<br>"efi: mem63: [Runtime Data       |RUN|  |  |  |   |WB|WT|WC|UC] range=[0x00000000ca0dc000-0x00000000ca102000) (0MB)"<br>"efi: mem64: [Reserved           |   |  |  |  |   |WB|WT|WC|UC] range=[0x00000000ca102000-0x00000000ca47a000) (3MB)"<br>"efi: mem65: [Reserved           |   |  |  |  |   |WB|WT|WC|UC] range=[0x00000000ca47a000-0x00000000ca602000) (1MB)"<br>"efi: mem66: [ACPI Memory NVS    |   |  |  |  |   |WB|WT|WC|UC] range=[0x00000000ca602000-0x00000000ca6b2000) (0MB)"<br>"efi: mem67: [ACPI Memory NVS    |   |  |  |  |   |WB|WT|WC|UC] range=[0x00000000ca6b2000-0x00000000ca86a000) (1MB)"<br>"efi: mem68: [ACPI Memory NVS    |   |  |  |  |   |WB|WT|WC|UC] range=[0x00000000ca86a000-0x00000000ca86c000) (0MB)"<br>"efi: mem69: [ACPI Memory NVS    |   |  |  |  |   |WB|WT|WC|UC] range=[0x00000000ca86c000-0x00000000ca882000) (0MB)"<br>"efi: mem70: [ACPI Reclaim Memory|   |  |  |  |   |WB|WT|WC|UC] range=[0x00000000ca882000-0x00000000ca887000) (0MB)"<br>"efi: mem71: [Boot Data          |   |  |  |  |   |WB|WT|WC|UC] range=[0x00000000ca887000-0x00000000ca888000) (0MB)"<br>"efi: mem72: [ACPI Memory NVS    |   |  |  |  |   |WB|WT|WC|UC] range=[0x00000000ca888000-0x00000000ca8cb000) (0MB)"<br>"efi: mem73: [Boot Data          |   |  |  |  |   |WB|WT|WC|UC] range=[0x00000000ca8cb000-0x00000000caa17000) (1MB)"<br>"efi: mem74: [Boot Code          |   |  |  |  |   |WB|WT|WC|UC] range=[0x00000000caa17000-0x00000000cacaf000) (2MB)"<br>"efi: mem75: [Boot Data          |   |  |  |  |   |WB|WT|WC|UC] range=[0x00000000cacaf000-0x00000000cacbf000) (0MB)"<br>"efi: mem76: [Boot Code          |   |  |  |  |   |WB|WT|WC|UC] range=[0x00000000cacbf000-0x00000000cacd1000) (0MB)"<br>"efi: mem77: [Boot Data          |   |  |  |  |   |WB|WT|WC|UC] range=[0x00000000cacd1000-0x00000000cacd8000) (0MB)"<br>"efi: mem78: [Runtime Data       |RUN|  |  |  |   |WB|WT|WC|UC] range=[0x00000000cacd8000-0x00000000caff4000) (3MB)"<br>"efi: mem79: [Boot Data          |   |  |  |  |   |WB|WT|WC|UC] range=[0x00000000caff4000-0x00000000cb000000) (0MB)"<br>"efi: mem80: [Conventional Memory|   |  |  |  |   |WB|WT|WC|UC] range=[0x0000000100000000-0x000000042f200000) (13042MB)"<br>"efi: mem81: [Reserved           |RUN|  |  |  |   |  |  |  |  ] range=[0x00000000cbc00000-0x00000000cfe00000) (66MB)"<br>"efi: mem82: [Memory Mapped I/O  |RUN|  |  |  |   |  |  |  |UC] range=[0x00000000f8000000-0x00000000fc000000) (64MB)"<br>"efi: mem83: [Memory Mapped I/O  |RUN|  |  |  |   |  |  |  |UC] range=[0x00000000fec00000-0x00000000fec01000) (0MB)"<br>"efi: mem84: [Memory Mapped I/O  |RUN|  |  |  |   |  |  |  |UC] range=[0x00000000fed00000-0x00000000fed04000) (0MB)"<br>"efi: mem85: [Memory Mapped I/O  |RUN|  |  |  |   |  |  |  |UC] range=[0x00000000fed1c000-0x00000000fed20000) (0MB)"<br>"efi: mem86: [Memory Mapped I/O  |RUN|  |  |  |   |  |  |  |UC] range=[0x00000000fee00000-0x00000000fee01000) (0MB)"<br>"efi: mem87: [Memory Mapped I/O  |RUN|  |  |  |   |  |  |  |UC] range=[0x00000000ff000000-0x0000000100000000) (16MB)"<br>"SMBIOS 2.7 present."<br>"DMI: ASUSTeK COMPUTER INC. N56VZ/N56VZ, BIOS N56VZ.217 05/22/2013"<br>"e820: update [mem 0x00000000-0x00000fff] usable ==> reserved"<br>"e820: remove [mem 0x000a0000-0x000fffff] usable"<br>"AGP: No AGP bridge found"<br>"e820: last_pfn = 0x42f200 max_arch_pfn = 0x400000000"<br>"MTRR default type: uncachable"<br>"MTRR fixed ranges enabled:"<br>"  00000-9FFFF write-back"<br>"  A0000-DFFFF uncachable"<br>"  E0000-FFFFF write-protect"<br>"MTRR variable ranges enabled:"<br>"  0 base 000000000 mask C00000000 write-back"<br>"  1 base 400000000 mask FE0000000 write-back"<br>"  2 base 420000000 mask FF0000000 write-back"<br>"  3 base 0E0000000 mask FE0000000 uncachable"<br>"  4 base 0D0000000 mask FF0000000 uncachable"<br>"  5 base 0CC000000 mask FFC000000 uncachable"<br>"  6 base 0CBC00000 mask FFFC00000 uncachable"<br>"  7 base 42F800000 mask FFF800000 uncachable"<br>"  8 base 42F400000 mask FFFC00000 uncachable"<br>"  9 base 42F200000 mask FFFE00000 uncachable"<br>"PAT configuration [0-7]: WB  WC  UC- UC  WB  WC  UC- UC  "<br>"original variable MTRRs"<br>"reg 0, base: 0GB, range: 16GB, type WB"<br>"reg 1, base: 16GB, range: 512MB, type WB"<br>"reg 2, base: 16896MB, range: 256MB, type WB"<br>"reg 3, base: 3584MB, range: 512MB, type UC"<br>"reg 4, base: 3328MB, range: 256MB, type UC"<br>"reg 5, base: 3264MB, range: 64MB, type UC"<br>"reg 6, base: 3260MB, range: 4MB, type UC"<br>"reg 7, base: 17144MB, range: 8MB, type UC"<br>"reg 8, base: 17140MB, range: 4MB, type UC"<br>"reg 9, base: 17138MB, range: 2MB, type UC"<br>"total RAM covered: 16302M"<br>" gran_size: 64K 	chunk_size: 64K 	num_reg: 10  	lose cover RAM: 242M"<br>" gran_size: 64K 	chunk_size: 128K 	num_reg: 10  	lose cover RAM: 242M"<br>" gran_size: 64K 	chunk_size: 256K 	num_reg: 10  	lose cover RAM: 242M"<br>" gran_size: 64K 	chunk_size: 512K 	num_reg: 10  	lose cover RAM: 242M"<br>" gran_size: 64K 	chunk_size: 1M 	num_reg: 10  	lose cover RAM: 242M"<br>" gran_size: 64K 	chunk_size: 2M 	num_reg: 10  	lose cover RAM: 242M"<br>" gran_size: 64K 	chunk_size: 4M 	num_reg: 10  	lose cover RAM: 242M"<br>" gran_size: 64K 	chunk_size: 8M 	num_reg: 10  	lose cover RAM: 50M"<br>"*BAD*gran_size: 64K 	chunk_size: 16M 	num_reg: 10  	lose cover RAM: -12M"<br>"*BAD*gran_size: 64K 	chunk_size: 32M 	num_reg: 10  	lose cover RAM: -12M"<br>"*BAD*gran_size: 64K 	chunk_size: 64M 	num_reg: 10  	lose cover RAM: -12M"<br>"*BAD*gran_size: 64K 	chunk_size: 128M 	num_reg: 10  	lose cover RAM: -12M"<br>"*BAD*gran_size: 64K 	chunk_size: 256M 	num_reg: 10  	lose cover RAM: -12M"<br>"*BAD*gran_size: 64K 	chunk_size: 512M 	num_reg: 10  	lose cover RAM: -268M"<br>"*BAD*gran_size: 64K 	chunk_size: 1G 	num_reg: 10  	lose cover RAM: -264M"<br>"*BAD*gran_size: 64K 	chunk_size: 2G 	num_reg: 10  	lose cover RAM: -1288M"<br>" gran_size: 128K 	chunk_size: 128K 	num_reg: 10  	lose cover RAM: 242M"<br>" gran_size: 128K 	chunk_size: 256K 	num_reg: 10  	lose cover RAM: 242M"<br>" gran_size: 128K 	chunk_size: 512K 	num_reg: 10  	lose cover RAM: 242M"<br>" gran_size: 128K 	chunk_size: 1M 	num_reg: 10  	lose cover RAM: 242M"<br>" gran_size: 128K 	chunk_size: 2M 	num_reg: 10  	lose cover RAM: 242M"<br>" gran_size: 128K 	chunk_size: 4M 	num_reg: 10  	lose cover RAM: 242M"<br>" gran_size: 128K 	chunk_size: 8M 	num_reg: 10  	lose cover RAM: 50M"<br>"*BAD*gran_size: 128K 	chunk_size: 16M 	num_reg: 10  	lose cover RAM: -12M"<br>"*BAD*gran_size: 128K 	chunk_size: 32M 	num_reg: 10  	lose cover RAM: -12M"<br>"*BAD*gran_size: 128K 	chunk_size: 64M 	num_reg: 10  	lose cover RAM: -12M"<br>"*BAD*gran_size: 128K 	chunk_size: 128M 	num_reg: 10  	lose cover RAM: -12M"<br>"*BAD*gran_size: 128K 	chunk_size: 256M 	num_reg: 10  	lose cover RAM: -12M"<br>"*BAD*gran_size: 128K 	chunk_size: 512M 	num_reg: 10  	lose cover RAM: -268M"<br>"*BAD*gran_size: 128K 	chunk_size: 1G 	num_reg: 10  	lose cover RAM: -264M"<br>"*BAD*gran_size: 128K 	chunk_size: 2G 	num_reg: 10  	lose cover RAM: -1288M"<br>" gran_size: 256K 	chunk_size: 256K 	num_reg: 10  	lose cover RAM: 242M"<br>" gran_size: 256K 	chunk_size: 512K 	num_reg: 10  	lose cover RAM: 242M"<br>" gran_size: 256K 	chunk_size: 1M 	num_reg: 10  	lose cover RAM: 242M"<br>" gran_size: 256K 	chunk_size: 2M 	num_reg: 10  	lose cover RAM: 242M"<br>" gran_size: 256K 	chunk_size: 4M 	num_reg: 10  	lose cover RAM: 242M"<br>" gran_size: 256K 	chunk_size: 8M 	num_reg: 10  	lose cover RAM: 50M"<br>"*BAD*gran_size: 256K 	chunk_size: 16M 	num_reg: 10  	lose cover RAM: -12M"<br>"*BAD*gran_size: 256K 	chunk_size: 32M 	num_reg: 10  	lose cover RAM: -12M"<br>"*BAD*gran_size: 256K 	chunk_size: 64M 	num_reg: 10  	lose cover RAM: -12M"<br>"*BAD*gran_size: 256K 	chunk_size: 128M 	num_reg: 10  	lose cover RAM: -12M"<br>"*BAD*gran_size: 256K 	chunk_size: 256M 	num_reg: 10  	lose cover RAM: -12M"<br>"*BAD*gran_size: 256K 	chunk_size: 512M 	num_reg: 10  	lose cover RAM: -268M"<br>"*BAD*gran_size: 256K 	chunk_size: 1G 	num_reg: 10  	lose cover RAM: -264M"<br>"*BAD*gran_size: 256K 	chunk_size: 2G 	num_reg: 10  	lose cover RAM: -1288M"<br>" gran_size: 512K 	chunk_size: 512K 	num_reg: 10  	lose cover RAM: 242M"<br>" gran_size: 512K 	chunk_size: 1M 	num_reg: 10  	lose cover RAM: 242M"<br>" gran_size: 512K 	chunk_size: 2M 	num_reg: 10  	lose cover RAM: 242M"<br>" gran_size: 512K 	chunk_size: 4M 	num_reg: 10  	lose cover RAM: 242M"<br>" gran_size: 512K 	chunk_size: 8M 	num_reg: 10  	lose cover RAM: 50M"<br>"*BAD*gran_size: 512K 	chunk_size: 16M 	num_reg: 10  	lose cover RAM: -12M"<br>"*BAD*gran_size: 512K 	chunk_size: 32M 	num_reg: 10  	lose cover RAM: -12M"<br>"*BAD*gran_size: 512K 	chunk_size: 64M 	num_reg: 10  	lose cover RAM: -12M"<br>"*BAD*gran_size: 512K 	chunk_size: 128M 	num_reg: 10  	lose cover RAM: -12M"<br>"*BAD*gran_size: 512K 	chunk_size: 256M 	num_reg: 10  	lose cover RAM: -12M"<br>"*BAD*gran_size: 512K 	chunk_size: 512M 	num_reg: 10  	lose cover RAM: -268M"<br>"*BAD*gran_size: 512K 	chunk_size: 1G 	num_reg: 10  	lose cover RAM: -264M"<br>"*BAD*gran_size: 512K 	chunk_size: 2G 	num_reg: 10  	lose cover RAM: -1288M"<br>" gran_size: 1M 	chunk_size: 1M 	num_reg: 10  	lose cover RAM: 242M"<br>" gran_size: 1M 	chunk_size: 2M 	num_reg: 10  	lose cover RAM: 242M"<br>" gran_size: 1M 	chunk_size: 4M 	num_reg: 10  	lose cover RAM: 242M"<br>" gran_size: 1M 	chunk_size: 8M 	num_reg: 10  	lose cover RAM: 50M"<br>"*BAD*gran_size: 1M 	chunk_size: 16M 	num_reg: 10  	lose cover RAM: -12M"<br>"*BAD*gran_size: 1M 	chunk_size: 32M 	num_reg: 10  	lose cover RAM: -12M"<br>"*BAD*gran_size: 1M 	chunk_size: 64M 	num_reg: 10  	lose cover RAM: -12M"<br>"*BAD*gran_size: 1M 	chunk_size: 128M 	num_reg: 10  	lose cover RAM: -12M"<br>"*BAD*gran_size: 1M 	chunk_size: 256M 	num_reg: 10  	lose cover RAM: -12M"<br>"*BAD*gran_size: 1M 	chunk_size: 512M 	num_reg: 10  	lose cover RAM: -268M"<br>"*BAD*gran_size: 1M 	chunk_size: 1G 	num_reg: 10  	lose cover RAM: -264M"<br>"*BAD*gran_size: 1M 	chunk_size: 2G 	num_reg: 10  	lose cover RAM: -1288M"<br>" gran_size: 2M 	chunk_size: 2M 	num_reg: 10  	lose cover RAM: 242M"<br>" gran_size: 2M 	chunk_size: 4M 	num_reg: 10  	lose cover RAM: 242M"<br>" gran_size: 2M 	chunk_size: 8M 	num_reg: 10  	lose cover RAM: 50M"<br>"*BAD*gran_size: 2M 	chunk_size: 16M 	num_reg: 10  	lose cover RAM: -12M"<br>"*BAD*gran_size: 2M 	chunk_size: 32M 	num_reg: 10  	lose cover RAM: -12M"<br>"*BAD*gran_size: 2M 	chunk_size: 64M 	num_reg: 10  	lose cover RAM: -12M"<br>"*BAD*gran_size: 2M 	chunk_size: 128M 	num_reg: 10  	lose cover RAM: -12M"<br>"*BAD*gran_size: 2M 	chunk_size: 256M 	num_reg: 10  	lose cover RAM: -12M"<br>"*BAD*gran_size: 2M 	chunk_size: 512M 	num_reg: 10  	lose cover RAM: -268M"<br>"*BAD*gran_size: 2M 	chunk_size: 1G 	num_reg: 10  	lose cover RAM: -264M"<br>"*BAD*gran_size: 2M 	chunk_size: 2G 	num_reg: 10  	lose cover RAM: -1288M"<br>" gran_size: 4M 	chunk_size: 4M 	num_reg: 10  	lose cover RAM: 242M"<br>" gran_size: 4M 	chunk_size: 8M 	num_reg: 10  	lose cover RAM: 50M"<br>" gran_size: 4M 	chunk_size: 16M 	num_reg: 10  	lose cover RAM: 50M"<br>" gran_size: 4M 	chunk_size: 32M 	num_reg: 10  	lose cover RAM: 2M"<br>" gran_size: 4M 	chunk_size: 64M 	num_reg: 10  	lose cover RAM: 2M"<br>" gran_size: 4M 	chunk_size: 128M 	num_reg: 10  	lose cover RAM: 2M"<br>" gran_size: 4M 	chunk_size: 256M 	num_reg: 10  	lose cover RAM: 2M"<br>"*BAD*gran_size: 4M 	chunk_size: 512M 	num_reg: 10  	lose cover RAM: -254M"<br>" gran_size: 4M 	chunk_size: 1G 	num_reg: 10  	lose cover RAM: 2M"<br>"*BAD*gran_size: 4M 	chunk_size: 2G 	num_reg: 10  	lose cover RAM: -1022M"<br>" gran_size: 8M 	chunk_size: 8M 	num_reg: 10  	lose cover RAM: 118M"<br>" gran_size: 8M 	chunk_size: 16M 	num_reg: 10  	lose cover RAM: 54M"<br>" gran_size: 8M 	chunk_size: 32M 	num_reg: 10  	lose cover RAM: 6M"<br>" gran_size: 8M 	chunk_size: 64M 	num_reg: 10  	lose cover RAM: 6M"<br>" gran_size: 8M 	chunk_size: 128M 	num_reg: 10  	lose cover RAM: 6M"<br>" gran_size: 8M 	chunk_size: 256M 	num_reg: 10  	lose cover RAM: 6M"<br>"*BAD*gran_size: 8M 	chunk_size: 512M 	num_reg: 10  	lose cover RAM: -250M"<br>" gran_size: 8M 	chunk_size: 1G 	num_reg: 10  	lose cover RAM: 6M"<br>"*BAD*gran_size: 8M 	chunk_size: 2G 	num_reg: 10  	lose cover RAM: -1018M"<br>" gran_size: 16M 	chunk_size: 16M 	num_reg: 10  	lose cover RAM: 62M"<br>" gran_size: 16M 	chunk_size: 32M 	num_reg: 10  	lose cover RAM: 14M"<br>" gran_size: 16M 	chunk_size: 64M 	num_reg: 10  	lose cover RAM: 14M"<br>" gran_size: 16M 	chunk_size: 128M 	num_reg: 10  	lose cover RAM: 14M"<br>" gran_size: 16M 	chunk_size: 256M 	num_reg: 10  	lose cover RAM: 14M"<br>"*BAD*gran_size: 16M 	chunk_size: 512M 	num_reg: 10  	lose cover RAM: -242M"<br>" gran_size: 16M 	chunk_size: 1G 	num_reg: 10  	lose cover RAM: 14M"<br>"*BAD*gran_size: 16M 	chunk_size: 2G 	num_reg: 10  	lose cover RAM: -1010M"<br>" gran_size: 32M 	chunk_size: 32M 	num_reg: 10  	lose cover RAM: 46M"<br>" gran_size: 32M 	chunk_size: 64M 	num_reg: 10  	lose cover RAM: 46M"<br>" gran_size: 32M 	chunk_size: 128M 	num_reg: 10  	lose cover RAM: 46M"<br>" gran_size: 32M 	chunk_size: 256M 	num_reg: 10  	lose cover RAM: 46M"<br>"*BAD*gran_size: 32M 	chunk_size: 512M 	num_reg: 10  	lose cover RAM: -210M"<br>" gran_size: 32M 	chunk_size: 1G 	num_reg: 10  	lose cover RAM: 46M"<br>"*BAD*gran_size: 32M 	chunk_size: 2G 	num_reg: 10  	lose cover RAM: -978M"<br>" gran_size: 64M 	chunk_size: 64M 	num_reg: 8  	lose cover RAM: 110M"<br>" gran_size: 64M 	chunk_size: 128M 	num_reg: 8  	lose cover RAM: 110M"<br>" gran_size: 64M 	chunk_size: 256M 	num_reg: 9  	lose cover RAM: 110M"<br>" gran_size: 64M 	chunk_size: 512M 	num_reg: 10  	lose cover RAM: 110M"<br>" gran_size: 64M 	chunk_size: 1G 	num_reg: 9  	lose cover RAM: 110M"<br>" gran_size: 64M 	chunk_size: 2G 	num_reg: 10  	lose cover RAM: 110M"<br>" gran_size: 128M 	chunk_size: 128M 	num_reg: 7  	lose cover RAM: 174M"<br>" gran_size: 128M 	chunk_size: 256M 	num_reg: 9  	lose cover RAM: 174M"<br>" gran_size: 128M 	chunk_size: 512M 	num_reg: 10  	lose cover RAM: 174M"<br>" gran_size: 128M 	chunk_size: 1G 	num_reg: 9  	lose cover RAM: 174M"<br>" gran_size: 128M 	chunk_size: 2G 	num_reg: 10  	lose cover RAM: 174M"<br>" gran_size: 256M 	chunk_size: 256M 	num_reg: 5  	lose cover RAM: 430M"<br>" gran_size: 256M 	chunk_size: 512M 	num_reg: 5  	lose cover RAM: 430M"<br>" gran_size: 256M 	chunk_size: 1G 	num_reg: 6  	lose cover RAM: 430M"<br>" gran_size: 256M 	chunk_size: 2G 	num_reg: 7  	lose cover RAM: 430M"<br>" gran_size: 512M 	chunk_size: 512M 	num_reg: 5  	lose cover RAM: 430M"<br>" gran_size: 512M 	chunk_size: 1G 	num_reg: 6  	lose cover RAM: 430M"<br>" gran_size: 512M 	chunk_size: 2G 	num_reg: 7  	lose cover RAM: 430M"<br>" gran_size: 1G 	chunk_size: 1G 	num_reg: 4  	lose cover RAM: 942M"<br>" gran_size: 1G 	chunk_size: 2G 	num_reg: 4  	lose cover RAM: 942M"<br>" gran_size: 2G 	chunk_size: 2G 	num_reg: 3  	lose cover RAM: 1966M"<br>"mtrr_cleanup: can not find optimal value"<br>"please specify mtrr_gran_size/mtrr_chunk_size"<br>"e820: update [mem 0xcbc00000-0xffffffff] usable ==> reserved"<br>"e820: last_pfn = 0xcb000 max_arch_pfn = 0x400000000"<br>"Scanning 1 areas for low memory corruption"<br>"Base memory trampoline at [ffff880000098000] 98000 size 24576"<br>"init_memory_mapping: [mem 0x00000000-0x000fffff]"<br>" [mem 0x00000000-0x000fffff] page 4k"<br>"BRK [0x01fe5000, 0x01fe5fff] PGTABLE"<br>"BRK [0x01fe6000, 0x01fe6fff] PGTABLE"<br>"BRK [0x01fe7000, 0x01fe7fff] PGTABLE"<br>"init_memory_mapping: [mem 0x42f000000-0x42f1fffff]"<br>" [mem 0x42f000000-0x42f1fffff] page 2M"<br>"BRK [0x01fe8000, 0x01fe8fff] PGTABLE"<br>"init_memory_mapping: [mem 0x420000000-0x42effffff]"<br>" [mem 0x420000000-0x42effffff] page 2M"<br>"init_memory_mapping: [mem 0x400000000-0x41fffffff]"<br>" [mem 0x400000000-0x41fffffff] page 2M"<br>"init_memory_mapping: [mem 0x00100000-0x1fffffff]"<br>" [mem 0x00100000-0x001fffff] page 4k"<br>" [mem 0x00200000-0x1fffffff] page 2M"<br>"init_memory_mapping: [mem 0x20200000-0x40003fff]"<br>" [mem 0x20200000-0x3fffffff] page 2M"<br>" [mem 0x40000000-0x40003fff] page 4k"<br>"BRK [0x01fe9000, 0x01fe9fff] PGTABLE"<br>"BRK [0x01fea000, 0x01feafff] PGTABLE"<br>"init_memory_mapping: [mem 0x40005000-0xc9746fff]"<br>" [mem 0x40005000-0x401fffff] page 4k"<br>" [mem 0x40200000-0xc95fffff] page 2M"<br>" [mem 0xc9600000-0xc9746fff] page 4k"<br>"init_memory_mapping: [mem 0xc9d4b000-0xc9d60fff]"<br>" [mem 0xc9d4b000-0xc9d60fff] page 4k"<br>"init_memory_mapping: [mem 0xc9d67000-0xc9d68fff]"<br>" [mem 0xc9d67000-0xc9d68fff] page 4k"<br>"init_memory_mapping: [mem 0xc9d73000-0xc9f06fff]"<br>" [mem 0xc9d73000-0xc9f06fff] page 4k"<br>"init_memory_mapping: [mem 0xc9f0b000-0xc9f53fff]"<br>" [mem 0xc9f0b000-0xc9f53fff] page 4k"<br>"init_memory_mapping: [mem 0xc9f7a000-0xc9f7cfff]"<br>" [mem 0xc9f7a000-0xc9f7cfff] page 4k"<br>"init_memory_mapping: [mem 0xc9f7f000-0xc9f95fff]"<br>" [mem 0xc9f7f000-0xc9f95fff] page 4k"<br>"init_memory_mapping: [mem 0xc9f9c000-0xc9fa3fff]"<br>" [mem 0xc9f9c000-0xc9fa3fff] page 4k"<br>"init_memory_mapping: [mem 0xc9fa5000-0xc9fb3fff]"<br>" [mem 0xc9fa5000-0xc9fb3fff] page 4k"<br>"init_memory_mapping: [mem 0xc9fb5000-0xc9fbffff]"<br>" [mem 0xc9fb5000-0xc9fbffff] page 4k"<br>"init_memory_mapping: [mem 0xc9fc5000-0xc9ff0fff]"<br>" [mem 0xc9fc5000-0xc9ff0fff] page 4k"<br>"init_memory_mapping: [mem 0xc9ff2000-0xca001fff]"<br>" [mem 0xc9ff2000-0xca001fff] page 4k"<br>"init_memory_mapping: [mem 0xca029000-0xca03cfff]"<br>" [mem 0xca029000-0xca03cfff] page 4k"<br>"init_memory_mapping: [mem 0xca03e000-0xca03efff]"<br>" [mem 0xca03e000-0xca03efff] page 4k"<br>"init_memory_mapping: [mem 0xca041000-0xca041fff]"<br>" [mem 0xca041000-0xca041fff] page 4k"<br>"init_memory_mapping: [mem 0xca047000-0xca05dfff]"<br>" [mem 0xca047000-0xca05dfff] page 4k"<br>"init_memory_mapping: [mem 0xca887000-0xca887fff]"<br>" [mem 0xca887000-0xca887fff] page 4k"<br>"init_memory_mapping: [mem 0xca8cb000-0xcacd7fff]"<br>" [mem 0xca8cb000-0xca9fffff] page 4k"<br>" [mem 0xcaa00000-0xcabfffff] page 2M"<br>" [mem 0xcac00000-0xcacd7fff] page 4k"<br>"init_memory_mapping: [mem 0xcaff4000-0xcaffffff]"<br>" [mem 0xcaff4000-0xcaffffff] page 4k"<br>"init_memory_mapping: [mem 0x100000000-0x3ffffffff]"<br>" [mem 0x100000000-0x3ffffffff] page 2M"<br>"RAMDISK: [mem 0x357f2000-0x36bf0fff]"<br>"ACPI: Early table checksum verification disabled"<br>"ACPI: RSDP 0x00000000CA852000 000024 (v02 _ASUS_)"<br>"ACPI: XSDT 0x00000000CA852080 000084 (v01 _ASUS_ Notebook 01072009 AMI  00010013)"<br>"ACPI: FACP 0x00000000CA865DF0 00010C (v05 _ASUS_ Notebook 01072009 AMI  00010013)"<br>"ACPI: DSDT 0x00000000CA852190 013C5A (v02 _ASUS_ Notebook 00000013 INTL 20091112)"<br>"ACPI: FACS 0x00000000CA87F080 000040"<br>"ACPI: APIC 0x00000000CA865F00 000092 (v03 _ASUS_ Notebook 01072009 AMI  00010013)"<br>"ACPI: FPDT 0x00000000CA865F98 000044 (v01 _ASUS_ Notebook 01072009 AMI  00010013)"<br>"ACPI: ECDT 0x00000000CA865FE0 0000C1 (v01 _ASUS_ Notebook 01072009 AMI. 00000005)"<br>"ACPI: MCFG 0x00000000CA8660A8 00003C (v01 _ASUS_ Notebook 01072009 MSFT 00000097)"<br>"ACPI: HPET 0x00000000CA8660E8 000038 (v01 _ASUS_ Notebook 01072009 AMI. 00000005)"<br>"ACPI: SSDT 0x00000000CA866120 000632 (v01 AhciR1 AhciTab1 00001000 INTL 20091112)"<br>"ACPI: SSDT 0x00000000CA866758 00049E (v01 AhciR2 AhciTab2 00001000 INTL 20091112)"<br>"ACPI: SSDT 0x00000000CA866BF8 00094C (v01 PmRef  Cpu0Ist  00003000 INTL 20051117)"<br>"ACPI: SSDT 0x00000000CA867548 000B18 (v01 PmRef  CpuPm    00003000 INTL 20051117)"<br>"ACPI: BGRT 0x00000000CA868060 000038 (v00 _ASUS_ Notebook 01072009 ASUS 00010013)"<br>"ACPI: MSDM 0x00000000CA601E18 000055 (v03 _ASUS_ Notebook 00000000 ASUS 00000001)"<br>"ACPI: Local APIC address 0xfee00000"<br>"No NUMA configuration found"<br>"Faking a node at [mem 0x0000000000000000-0x000000042f1fffff]"<br>"NODE_DATA(0) allocated [mem 0x42f1e6000-0x42f1eafff]"<br>" [ffffea0000000000-ffffea0010bfffff] PMD -> [ffff88041e800000-ffff88042e7fffff] on node 0"<br>"Zone ranges:"<br>"  DMA      [mem 0x00001000-0x00ffffff]"<br>"  DMA32    [mem 0x01000000-0xffffffff]"<br>"  Normal   [mem 0x100000000-0x42f1fffff]"<br>"Movable zone start for each node"<br>"Early memory node ranges"<br>"  node   0: [mem 0x00001000-0x0009dfff]"<br>"  node   0: [mem 0x00100000-0x1fffffff]"<br>"  node   0: [mem 0x20200000-0x40003fff]"<br>"  node   0: [mem 0x40005000-0xc9746fff]"<br>"  node   0: [mem 0xc9d4b000-0xc9d60fff]"<br>"  node   0: [mem 0xc9d67000-0xc9d68fff]"<br>"  node   0: [mem 0xc9d73000-0xc9f06fff]"<br>"  node   0: [mem 0xc9f0b000-0xc9f53fff]"<br>"  node   0: [mem 0xc9f7a000-0xc9f7cfff]"<br>"  node   0: [mem 0xc9f7f000-0xc9f95fff]"<br>"  node   0: [mem 0xc9f9c000-0xc9fa3fff]"<br>"  node   0: [mem 0xc9fa5000-0xc9fb3fff]"<br>"  node   0: [mem 0xc9fb5000-0xc9fbffff]"<br>"  node   0: [mem 0xc9fc5000-0xc9ff0fff]"<br>"  node   0: [mem 0xc9ff2000-0xca001fff]"<br>"  node   0: [mem 0xca029000-0xca03cfff]"<br>"  node   0: [mem 0xca03e000-0xca03efff]"<br>"  node   0: [mem 0xca041000-0xca041fff]"<br>"  node   0: [mem 0xca047000-0xca05dfff]"<br>"  node   0: [mem 0xca887000-0xca887fff]"<br>"  node   0: [mem 0xca8cb000-0xcacd7fff]"<br>"  node   0: [mem 0xcaff4000-0xcaffffff]"<br>"  node   0: [mem 0x100000000-0x42f1fffff]"<br>"Initmem setup node 0 [mem 0x00001000-0x42f1fffff]"<br>"On node 0 totalpages: 4165015"<br>"  DMA zone: 64 pages used for memmap"<br>"  DMA zone: 24 pages reserved"<br>"  DMA zone: 3997 pages, LIFO batch:0"<br>"  DMA32 zone: 12848 pages used for memmap"<br>"  DMA32 zone: 822266 pages, LIFO batch:31"<br>"  Normal zone: 52168 pages used for memmap"<br>"  Normal zone: 3338752 pages, LIFO batch:31"<br>"Reserving Intel graphics stolen memory at 0xcbe00000-0xcfdfffff"<br>"ACPI: PM-Timer IO Port: 0x408"<br>"ACPI: Local APIC address 0xfee00000"<br>"ACPI: LAPIC (acpi_id[0x01] lapic_id[0x00] enabled)"<br>"ACPI: LAPIC (acpi_id[0x02] lapic_id[0x02] enabled)"<br>"ACPI: LAPIC (acpi_id[0x03] lapic_id[0x04] enabled)"<br>"ACPI: LAPIC (acpi_id[0x04] lapic_id[0x06] enabled)"<br>"ACPI: LAPIC (acpi_id[0x05] lapic_id[0x01] enabled)"<br>"ACPI: LAPIC (acpi_id[0x06] lapic_id[0x03] enabled)"<br>"ACPI: LAPIC (acpi_id[0x07] lapic_id[0x05] enabled)"<br>"ACPI: LAPIC (acpi_id[0x08] lapic_id[0x07] enabled)"<br>"ACPI: LAPIC_NMI (acpi_id[0xff] high edge lint[0x1])"<br>"ACPI: IOAPIC (id[0x02] address[0xfec00000] gsi_base[0])"<br>"IOAPIC[0]: apic_id 2, version 32, address 0xfec00000, GSI 0-23"<br>"ACPI: INT_SRC_OVR (bus 0 bus_irq 0 global_irq 2 dfl dfl)"<br>"ACPI: INT_SRC_OVR (bus 0 bus_irq 9 global_irq 9 high level)"<br>"ACPI: IRQ0 used by override."<br>"ACPI: IRQ9 used by override."<br>"Using ACPI (MADT) for SMP configuration information"<br>"ACPI: HPET id: 0x8086a701 base: 0xfed00000"<br>"smpboot: Allowing 8 CPUs, 0 hotplug CPUs"<br>"PM: Registered nosave memory: [mem 0x00000000-0x00000fff]"<br>"PM: Registered nosave memory: [mem 0x0009e000-0x0009ffff]"<br>"PM: Registered nosave memory: [mem 0x000a0000-0x000fffff]"<br>"PM: Registered nosave memory: [mem 0x20000000-0x201fffff]"<br>"PM: Registered nosave memory: [mem 0x40004000-0x40004fff]"<br>"PM: Registered nosave memory: [mem 0xc9747000-0xc9d47fff]"<br>"PM: Registered nosave memory: [mem 0xc9d48000-0xc9d4afff]"<br>"PM: Registered nosave memory: [mem 0xc9d61000-0xc9d66fff]"<br>"PM: Registered nosave memory: [mem 0xc9d69000-0xc9d72fff]"<br>"PM: Registered nosave memory: [mem 0xc9f07000-0xc9f0afff]"<br>"PM: Registered nosave memory: [mem 0xc9f54000-0xc9f5afff]"<br>"PM: Registered nosave memory: [mem 0xc9f5b000-0xc9f67fff]"<br>"PM: Registered nosave memory: [mem 0xc9f68000-0xc9f79fff]"<br>"PM: Registered nosave memory: [mem 0xc9f7d000-0xc9f7efff]"<br>"PM: Registered nosave memory: [mem 0xc9f96000-0xc9f9bfff]"<br>"PM: Registered nosave memory: [mem 0xc9fa4000-0xc9fa4fff]"<br>"PM: Registered nosave memory: [mem 0xc9fb4000-0xc9fb4fff]"<br>"PM: Registered nosave memory: [mem 0xc9fc0000-0xc9fc4fff]"<br>"PM: Registered nosave memory: [mem 0xc9ff1000-0xc9ff1fff]"<br>"PM: Registered nosave memory: [mem 0xca002000-0xca028fff]"<br>"PM: Registered nosave memory: [mem 0xca03d000-0xca03dfff]"<br>"PM: Registered nosave memory: [mem 0xca03f000-0xca040fff]"<br>"PM: Registered nosave memory: [mem 0xca042000-0xca046fff]"<br>"PM: Registered nosave memory: [mem 0xca05e000-0xca0bdfff]"<br>"PM: Registered nosave memory: [mem 0xca0be000-0xca0d7fff]"<br>"PM: Registered nosave memory: [mem 0xca0d8000-0xca601fff]"<br>"PM: Registered nosave memory: [mem 0xca602000-0xca881fff]"<br>"PM: Registered nosave memory: [mem 0xca882000-0xca886fff]"<br>"PM: Registered nosave memory: [mem 0xca888000-0xca8cafff]"<br>"PM: Registered nosave memory: [mem 0xcacd8000-0xcaff3fff]"<br>"PM: Registered nosave memory: [mem 0xcb000000-0xcbbfffff]"<br>"PM: Registered nosave memory: [mem 0xcbc00000-0xcfdfffff]"<br>"PM: Registered nosave memory: [mem 0xcfe00000-0xf7ffffff]"<br>"PM: Registered nosave memory: [mem 0xf8000000-0xfbffffff]"<br>"PM: Registered nosave memory: [mem 0xfc000000-0xfebfffff]"<br>"PM: Registered nosave memory: [mem 0xfec00000-0xfec00fff]"<br>"PM: Registered nosave memory: [mem 0xfec01000-0xfecfffff]"<br>"PM: Registered nosave memory: [mem 0xfed00000-0xfed03fff]"<br>"PM: Registered nosave memory: [mem 0xfed04000-0xfed1bfff]"<br>"PM: Registered nosave memory: [mem 0xfed1c000-0xfed1ffff]"<br>"PM: Registered nosave memory: [mem 0xfed20000-0xfedfffff]"<br>"PM: Registered nosave memory: [mem 0xfee00000-0xfee00fff]"<br>"PM: Registered nosave memory: [mem 0xfee01000-0xfeffffff]"<br>"PM: Registered nosave memory: [mem 0xff000000-0xffffffff]"<br>"e820: [mem 0xcfe00000-0xf7ffffff] available for PCI devices"<br>"Booting paravirtualized kernel on bare hardware"<br>"setup_percpu: NR_CPUS:256 nr_cpumask_bits:256 nr_cpu_ids:8 nr_node_ids:1"<br>"PERCPU: Embedded 31 pages/cpu @ffff88042ee00000 s87040 r8192 d31744 u262144"<br>"pcpu-alloc: s87040 r8192 d31744 u262144 alloc=1*2097152"<br>"pcpu-alloc: [0] 0 1 2 3 4 5 6 7 "<br>"Built 1 zonelists in Node order, mobility grouping on.  Total pages: 4099911"<br>"Policy zone: Normal"<br>"Kernel command line: BOOT_IMAGE=/vmlinuz-3.19.0-21-generic.efi.signed root=UUID=14ac372e-6980-4fe8-b247-fae92d54b0c5 ro quiet splash acpi_enforce_resources=lax intel_pstate=enable rcutree.rcu_idle_gp_delay=1 nouveau.runpm=0 vt.handoff=7"<br>"PID hash table entries: 4096 (order: 3, 32768 bytes)"<br>"xsave: enabled xstate_bv 0x7, cntxt size 0x340 using standard form"<br>"AGP: Checking aperture..."<br>"AGP: No AGP bridge found"<br>"Calgary: detecting Calgary via BIOS EBDA area"<br>"Calgary: Unable to locate Rio Grande table in EBDA - bailing!"<br>"Memory: 16270208K/16660060K available (8000K kernel code, 1232K rwdata, 3752K rodata, 1408K init, 1300K bss, 389852K reserved, 0K cma-reserved)"<br>"SLUB: HWalign=64, Order=0-3, MinObjects=0, CPUs=8, Nodes=1"<br>"Hierarchical RCU implementation."<br>"	RCU dyntick-idle grace-period acceleration is enabled."<br>"	RCU restricting CPUs from NR_CPUS=256 to nr_cpu_ids=8."<br>"RCU: Adjusting geometry for rcu_fanout_leaf=16, nr_cpu_ids=8"<br>"NR_IRQS:16640 nr_irqs:488 16"<br>"	Offload RCU callbacks from all CPUs"<br>"	Offload RCU callbacks from CPUs: 0-7."<br>"vt handoff: transparent VT on vt#7"<br>"Console: colour dummy device 80x25"<br>"console [tty0] enabled"<br>"hpet clockevent registered"<br>"tsc: Fast TSC calibration using PIT"<br>"tsc: Detected 2394.543 MHz processor"<br>"Calibrating delay loop (skipped), value calculated using timer frequency.. 4789.08 BogoMIPS (lpj=9578172)"<br>"pid_max: default: 32768 minimum: 301"<br>"ACPI: Core revision 20141107"<br>"ACPI: All ACPI Tables successfully acquired"<br>"Security Framework initialized"<br>"AppArmor: AppArmor initialized"<br>"Yama: becoming mindful."<br>"Dentry cache hash table entries: 2097152 (order: 12, 16777216 bytes)"<br>"Inode-cache hash table entries: 1048576 (order: 11, 8388608 bytes)"<br>"Mount-cache hash table entries: 32768 (order: 6, 262144 bytes)"<br>"Mountpoint-cache hash table entries: 32768 (order: 6, 262144 bytes)"<br>"Initializing cgroup subsys memory"<br>"Initializing cgroup subsys devices"<br>"Initializing cgroup subsys freezer"<br>"Initializing cgroup subsys net_cls"<br>"Initializing cgroup subsys blkio"<br>"Initializing cgroup subsys perf_event"<br>"Initializing cgroup subsys net_prio"<br>"Initializing cgroup subsys hugetlb"<br>"CPU: Physical Processor ID: 0"<br>"CPU: Processor Core ID: 0"<br>"ENERGY_PERF_BIAS: Set to \'normal\', was \'performance\'"<br>"ENERGY_PERF_BIAS: View and update with x86_energy_perf_policy(8)"<br>"mce: CPU supports 9 MCE banks"<br>"CPU0: Thermal monitoring enabled (TM1)"<br>"process: using mwait in idle threads"<br>"Last level iTLB entries: 4KB 512, 2MB 8, 4MB 8"<br>"Last level dTLB entries: 4KB 512, 2MB 32, 4MB 32, 1GB 0"<br>"Freeing SMP alternatives memory: 32K (ffffffff81e96000 - ffffffff81e9e000)"<br>"Ignoring BGRT: invalid status 0 (expected 1)"<br>"ftrace: allocating 30086 entries in 118 pages"<br>"..TIMER: vector=0x30 apic1=0 pin1=2 apic2=-1 pin2=-1"<br>"smpboot: CPU0: Intel(R) Core(TM) i7-3630QM CPU @ 2.40GHz (fam: 06, model: 3a, stepping: 09)"<br>"TSC deadline timer enabled"<br>"Performance Events: PEBS fmt1+, 16-deep LBR, IvyBridge events, full-width counters, Intel PMU driver."<br>"... version:                3"<br>"... bit width:              48"<br>"... generic registers:      4"<br>"... value mask:             0000ffffffffffff"<br>"... max period:             0000ffffffffffff"<br>"... fixed-purpose events:   3"<br>"... event mask:             000000070000000f"<br>"x86: Booting SMP configuration:"<br>".... node  #0, CPUs:      #1"<br>"CPU1 microcode updated early to revision 0x1b, date = 2014-05-29"<br>"NMI watchdog: enabled on all CPUs, permanently consumes one hw-PMU counter."<br>" #2"<br>"CPU2 microcode updated early to revision 0x1b, date = 2014-05-29"<br>" #3"<br>"CPU3 microcode updated early to revision 0x1b, date = 2014-05-29"<br>" #4 #5 #6 #7"<br>"x86: Booted up 1 node, 8 CPUs"<br>"smpboot: Total of 8 processors activated (38312.68 BogoMIPS)"<br>"devtmpfs: initialized"<br>"evm: security.selinux"<br>"evm: security.SMACK64"<br>"evm: security.SMACK64EXEC"<br>"evm: security.SMACK64TRANSMUTE"<br>"evm: security.SMACK64MMAP"<br>"evm: security.ima"<br>"evm: security.capability"<br>"PM: Registering ACPI NVS region [mem 0xc9747000-0xc9d47fff] (6295552 bytes)"<br>"PM: Registering ACPI NVS region [mem 0xca602000-0xca881fff] (2621440 bytes)"<br>"PM: Registering ACPI NVS region [mem 0xca888000-0xca8cafff] (274432 bytes)"<br>"pinctrl core: initialized pinctrl subsystem"<br>"RTC time:  5:41:44, date: 07/10/15"<br>"NET: Registered protocol family 16"<br>"cpuidle: using governor ladder"<br>"cpuidle: using governor menu"<br>"ACPI FADT declares the system doesn\'t support PCIe ASPM, so disable it"<br>"ACPI: bus type PCI registered"<br>"acpiphp: ACPI Hot Plug PCI Controller Driver version: 0.5"<br>"PCI: MMCONFIG for domain 0000 [bus 00-3f] at [mem 0xf8000000-0xfbffffff] (base 0xf8000000)"<br>"PCI: MMCONFIG at [mem 0xf8000000-0xfbffffff] reserved in E820"<br>"PCI: Using configuration type 1 for base access"<br>"ACPI: Added _OSI(Module Device)"<br>"ACPI: Added _OSI(Processor Device)"<br>"ACPI: Added _OSI(3.0 _SCP Extensions)"<br>"ACPI: Added _OSI(Processor Aggregator Device)"<br>"ACPI : EC: EC description table is found, configuring boot EC"<br>"ACPI: Executed 1 blocks of module-level executable AML code"<br>"[Firmware Bug]: ACPI: BIOS _OSI(Linux) query ignored"<br>"ACPI: Dynamic OEM Table Load:"<br>"ACPI: SSDT 0xFFFF88041C049000 000853 (v01 PmRef  Cpu0Cst  00003001 INTL 20051117)"<br>"ACPI: Dynamic OEM Table Load:"<br>"ACPI: SSDT 0xFFFF88041C7D4C00 000303 (v01 PmRef  ApIst    00003000 INTL 20051117)"<br>"ACPI: Dynamic OEM Table Load:"<br>"ACPI: SSDT 0xFFFF88041C7DB200 000119 (v01 PmRef  ApCst    00003000 INTL 20051117)"<br>"ACPI: Interpreter enabled"<br>"ACPI Exception: AE_NOT_FOUND, While evaluating Sleep State [\_S1_] (20141107/hwxface-580)"<br>"ACPI Exception: AE_NOT_FOUND, While evaluating Sleep State [\_S2_] (20141107/hwxface-580)"<br>"ACPI: (supports S0 S3 S4 S5)"<br>"ACPI: Using IOAPIC for interrupt routing"<br>"PCI: Using host bridge windows from ACPI; if necessary, use \"pci=nocrs\" and report a bug"<br>"ACPI: PCI Root Bridge [PCI0] (domain 0000 [bus 00-3e])"<br>"acpi PNP0A08:00: _OSC: OS supports [ExtendedConfig ASPM ClockPM Segments MSI]"<br>"acpi PNP0A08:00: _OSC: platform does not support [PCIeHotplug PME]"<br>"acpi PNP0A08:00: _OSC: OS now controls [AER PCIeCapability]"<br>"acpi PNP0A08:00: FADT indicates ASPM is unsupported, using BIOS configuration"<br>"PCI host bridge to bus 0000:00"<br>"pci_bus 0000:00: root bus resource [bus 00-3e]"<br>"pci_bus 0000:00: root bus resource [io  0x0000-0x0cf7]"<br>"pci_bus 0000:00: root bus resource [io  0x0d00-0xffff]"<br>"pci_bus 0000:00: root bus resource [mem 0x000a0000-0x000bffff]"<br>"pci_bus 0000:00: root bus resource [mem 0x000c0000-0x000c3fff]"<br>"pci_bus 0000:00: root bus resource [mem 0x000c4000-0x000c7fff]"<br>"pci_bus 0000:00: root bus resource [mem 0x000c8000-0x000cbfff]"<br>"pci_bus 0000:00: root bus resource [mem 0x000cc000-0x000cffff]"<br>"pci_bus 0000:00: root bus resource [mem 0x000d0000-0x000d3fff]"<br>"pci_bus 0000:00: root bus resource [mem 0x000d4000-0x000d7fff]"<br>"pci_bus 0000:00: root bus resource [mem 0x000d8000-0x000dbfff]"<br>"pci_bus 0000:00: root bus resource [mem 0x000dc000-0x000dffff]"<br>"pci_bus 0000:00: root bus resource [mem 0xcfe00000-0xfeafffff]"<br>"pci 0000:00:00.0: [8086:0154] type 00 class 0x060000"<br>"pci 0000:00:01.0: [8086:0151] type 01 class 0x060400"<br>"pci 0000:00:01.0: PME# supported from D0 D3hot D3cold"<br>"pci 0000:00:01.0: System wakeup disabled by ACPI"<br>"pci 0000:00:02.0: [8086:0166] type 00 class 0x030000"<br>"pci 0000:00:02.0: reg 0x10: [mem 0xf7400000-0xf77fffff 64bit]"<br>"pci 0000:00:02.0: reg 0x18: [mem 0xd0000000-0xdfffffff 64bit pref]"<br>"pci 0000:00:02.0: reg 0x20: [io  0xf000-0xf03f]"<br>"pci 0000:00:14.0: [8086:1e31] type 00 class 0x0c0330"<br>"pci 0000:00:14.0: reg 0x10: [mem 0xf7a00000-0xf7a0ffff 64bit]"<br>"pci 0000:00:14.0: PME# supported from D3hot D3cold"<br>"pci 0000:00:14.0: System wakeup disabled by ACPI"<br>"pci 0000:00:16.0: [8086:1e3a] type 00 class 0x078000"<br>"pci 0000:00:16.0: reg 0x10: [mem 0xf7a1a000-0xf7a1a00f 64bit]"<br>"pci 0000:00:16.0: PME# supported from D0 D3hot D3cold"<br>"pci 0000:00:1a.0: [8086:1e2d] type 00 class 0x0c0320"<br>"pci 0000:00:1a.0: reg 0x10: [mem 0xf7a18000-0xf7a183ff]"<br>"pci 0000:00:1a.0: PME# supported from D0 D3hot D3cold"<br>"pci 0000:00:1a.0: System wakeup disabled by ACPI"<br>"pci 0000:00:1b.0: [8086:1e20] type 00 class 0x040300"<br>"pci 0000:00:1b.0: reg 0x10: [mem 0xf7a10000-0xf7a13fff 64bit]"<br>"pci 0000:00:1b.0: PME# supported from D0 D3hot D3cold"<br>"pci 0000:00:1b.0: System wakeup disabled by ACPI"<br>"pci 0000:00:1c.0: [8086:1e10] type 01 class 0x060400"<br>"pci 0000:00:1c.0: PME# supported from D0 D3hot D3cold"<br>"pci 0000:00:1c.1: [8086:1e12] type 01 class 0x060400"<br>"pci 0000:00:1c.1: PME# supported from D0 D3hot D3cold"<br>"pci 0000:00:1c.3: [8086:1e16] type 01 class 0x060400"<br>"pci 0000:00:1c.3: PME# supported from D0 D3hot D3cold"<br>"pci 0000:00:1c.3: System wakeup disabled by ACPI"<br>"pci 0000:00:1d.0: [8086:1e26] type 00 class 0x0c0320"<br>"pci 0000:00:1d.0: reg 0x10: [mem 0xf7a17000-0xf7a173ff]"<br>"pci 0000:00:1d.0: PME# supported from D0 D3hot D3cold"<br>"pci 0000:00:1d.0: System wakeup disabled by ACPI"<br>"pci 0000:00:1f.0: [8086:1e59] type 00 class 0x060100"<br>"pci 0000:00:1f.2: [8086:1e03] type 00 class 0x010601"<br>"pci 0000:00:1f.2: reg 0x10: [io  0xf0b0-0xf0b7]"<br>"pci 0000:00:1f.2: reg 0x14: [io  0xf0a0-0xf0a3]"<br>"pci 0000:00:1f.2: reg 0x18: [io  0xf090-0xf097]"<br>"pci 0000:00:1f.2: reg 0x1c: [io  0xf080-0xf083]"<br>"pci 0000:00:1f.2: reg 0x20: [io  0xf060-0xf07f]"<br>"pci 0000:00:1f.2: reg 0x24: [mem 0xf7a16000-0xf7a167ff]"<br>"pci 0000:00:1f.2: PME# supported from D3hot"<br>"pci 0000:00:1f.3: [8086:1e22] type 00 class 0x0c0500"<br>"pci 0000:00:1f.3: reg 0x10: [mem 0xf7a15000-0xf7a150ff 64bit]"<br>"pci 0000:00:1f.3: reg 0x20: [io  0xf040-0xf05f]"<br>"pci 0000:01:00.0: [10de:0fd1] type 00 class 0x030000"<br>"pci 0000:01:00.0: reg 0x10: [mem 0xf6000000-0xf6ffffff]"<br>"pci 0000:01:00.0: reg 0x14: [mem 0xe0000000-0xefffffff 64bit pref]"<br>"pci 0000:01:00.0: reg 0x1c: [mem 0xf0000000-0xf1ffffff 64bit pref]"<br>"pci 0000:01:00.0: reg 0x24: [io  0xe000-0xe07f]"<br>"pci 0000:01:00.0: reg 0x30: [mem 0xf7000000-0xf707ffff pref]"<br>"pci 0000:00:01.0: PCI bridge to [bus 01]"<br>"pci 0000:00:01.0:   bridge window [io  0xe000-0xefff]"<br>"pci 0000:00:01.0:   bridge window [mem 0xf6000000-0xf70fffff]"<br>"pci 0000:00:01.0:   bridge window [mem 0xe0000000-0xf1ffffff 64bit pref]"<br>"pci 0000:00:1c.0: PCI bridge to [bus 02]"<br>"pci 0000:03:00.0: [8086:0887] type 00 class 0x028000"<br>"pci 0000:03:00.0: reg 0x10: [mem 0xf7900000-0xf7901fff 64bit]"<br>"pci 0000:03:00.0: PME# supported from D0 D3hot D3cold"<br>"pci 0000:03:00.0: System wakeup disabled by ACPI"<br>"pci 0000:00:1c.1: PCI bridge to [bus 03]"<br>"pci 0000:00:1c.1:   bridge window [mem 0xf7900000-0xf79fffff]"<br>"pci 0000:04:00.0: [1969:1091] type 00 class 0x020000"<br>"pci 0000:04:00.0: reg 0x10: [mem 0xf7800000-0xf783ffff 64bit]"<br>"pci 0000:04:00.0: reg 0x18: [io  0xd000-0xd07f]"<br>"pci 0000:04:00.0: PME# supported from D0 D1 D2 D3hot D3cold"<br>"pci 0000:04:00.0: System wakeup disabled by ACPI"<br>"pci 0000:00:1c.3: PCI bridge to [bus 04]"<br>"pci 0000:00:1c.3:   bridge window [io  0xd000-0xdfff]"<br>"pci 0000:00:1c.3:   bridge window [mem 0xf7800000-0xf78fffff]"<br>"ACPI: PCI Interrupt Link [LNKA] (IRQs 3 4 5 6 7 10 11 12) *0, disabled."<br>"ACPI: PCI Interrupt Link [LNKB] (IRQs 3 4 5 6 7 10 12) *0, disabled."<br>"ACPI: PCI Interrupt Link [LNKC] (IRQs 3 4 5 6 7 10 12) *0, disabled."<br>"ACPI: PCI Interrupt Link [LNKD] (IRQs 3 4 5 6 7 10 12) *0, disabled."<br>"ACPI: PCI Interrupt Link [LNKE] (IRQs 3 4 5 6 7 10 12) *0, disabled."<br>"ACPI: PCI Interrupt Link [LNKF] (IRQs 3 4 5 6 7 10 12) *0, disabled."<br>"ACPI: PCI Interrupt Link [LNKG] (IRQs 3 4 5 6 7 10 12) *0, disabled."<br>"ACPI: PCI Interrupt Link [LNKH] (IRQs 3 4 5 6 7 10 12) *0, disabled."<br>"ACPI: Enabled 4 GPEs in block 00 to 3F"<br>"ACPI : EC: GPE = 0x19, I/O: command/status = 0x66, data = 0x62"<br>"vgaarb: setting as boot device: PCI:0000:00:02.0"<br>"vgaarb: device added: PCI:0000:00:02.0,decodes=io+mem,owns=io+mem,locks=none"<br>"vgaarb: device added: PCI:0000:01:00.0,decodes=io+mem,owns=none,locks=none"<br>"vgaarb: loaded"<br>"vgaarb: bridge control possible 0000:01:00.0"<br>"vgaarb: no bridge control possible 0000:00:02.0"<br>"SCSI subsystem initialized"<br>"libata version 3.00 loaded."<br>"ACPI: bus type USB registered"<br>"usbcore: registered new interface driver usbfs"<br>"usbcore: registered new interface driver hub"<br>"usbcore: registered new device driver usb"<br>"PCI: Using ACPI for IRQ routing"<br>"PCI: pci_cache_line_size set to 64 bytes"<br>"e820: reserve RAM buffer [mem 0x0009e000-0x0009ffff]"<br>"e820: reserve RAM buffer [mem 0x40004000-0x43ffffff]"<br>"e820: reserve RAM buffer [mem 0xc9747000-0xcbffffff]"<br>"e820: reserve RAM buffer [mem 0xc9d61000-0xcbffffff]"<br>"e820: reserve RAM buffer [mem 0xc9d69000-0xcbffffff]"<br>"e820: reserve RAM buffer [mem 0xc9f07000-0xcbffffff]"<br>"e820: reserve RAM buffer [mem 0xc9f54000-0xcbffffff]"<br>"e820: reserve RAM buffer [mem 0xc9f7d000-0xcbffffff]"<br>"e820: reserve RAM buffer [mem 0xc9f96000-0xcbffffff]"<br>"e820: reserve RAM buffer [mem 0xc9fa4000-0xcbffffff]"<br>"e820: reserve RAM buffer [mem 0xc9fb4000-0xcbffffff]"<br>"e820: reserve RAM buffer [mem 0xc9fc0000-0xcbffffff]"<br>"e820: reserve RAM buffer [mem 0xc9ff1000-0xcbffffff]"<br>"e820: reserve RAM buffer [mem 0xca002000-0xcbffffff]"<br>"e820: reserve RAM buffer [mem 0xca03d000-0xcbffffff]"<br>"e820: reserve RAM buffer [mem 0xca03f000-0xcbffffff]"<br>"e820: reserve RAM buffer [mem 0xca042000-0xcbffffff]"<br>"e820: reserve RAM buffer [mem 0xca05e000-0xcbffffff]"<br>"e820: reserve RAM buffer [mem 0xca888000-0xcbffffff]"<br>"e820: reserve RAM buffer [mem 0xcacd8000-0xcbffffff]"<br>"e820: reserve RAM buffer [mem 0xcb000000-0xcbffffff]"<br>"e820: reserve RAM buffer [mem 0x42f200000-0x42fffffff]"<br>"NetLabel: Initializing"<br>"NetLabel:  domain hash size = 128"<br>"NetLabel:  protocols = UNLABELED CIPSOv4"<br>"NetLabel:  unlabeled traffic allowed by default"<br>"hpet0: at MMIO 0xfed00000, IRQs 2, 8, 0, 0, 0, 0, 0, 0"<br>"hpet0: 8 comparators, 64-bit 14.318180 MHz counter"<br>"Switched to clocksource hpet"<br>"AppArmor: AppArmor Filesystem Enabled"<br>"pnp: PnP ACPI init"<br>"system 00:00: [mem 0xfed40000-0xfed44fff] has been reserved"<br>"system 00:00: Plug and Play ACPI device, IDs PNP0c01 (active)"<br>"system 00:01: [io  0x0680-0x069f] has been reserved"<br>"system 00:01: [io  0x1000-0x100f] has been reserved"<br>"system 00:01: [io  0xffff] has been reserved"<br>"system 00:01: [io  0xffff] has been reserved"<br>"system 00:01: [io  0x0400-0x0453] could not be reserved"<br>"system 00:01: [io  0x0458-0x047f] has been reserved"<br>"system 00:01: [io  0x0500-0x057f] has been reserved"<br>"system 00:01: [io  0x164e-0x164f] has been reserved"<br>"system 00:01: Plug and Play ACPI device, IDs PNP0c02 (active)"<br>"pnp 00:02: Plug and Play ACPI device, IDs PNP0b00 (active)"<br>"system 00:03: [io  0x0454-0x0457] has been reserved"<br>"system 00:03: Plug and Play ACPI device, IDs INT3f0d PNP0c02 (active)"<br>"system 00:04: [io  0x04d0-0x04d1] has been reserved"<br>"system 00:04: Plug and Play ACPI device, IDs PNP0c02 (active)"<br>"pnp 00:05: Plug and Play ACPI device, IDs ETD0108 SYN0a00 SYN0002 PNP0f03 PNP0f13 PNP0f12 (active)"<br>"pnp 00:06: Plug and Play ACPI device, IDs ATK3001 PNP030b (active)"<br>"system 00:07: [mem 0xfed1c000-0xfed1ffff] has been reserved"<br>"system 00:07: [mem 0xfed10000-0xfed17fff] has been reserved"<br>"system 00:07: [mem 0xfed18000-0xfed18fff] has been reserved"<br>"system 00:07: [mem 0xfed19000-0xfed19fff] has been reserved"<br>"system 00:07: [mem 0xf8000000-0xfbffffff] has been reserved"<br>"system 00:07: [mem 0xfed20000-0xfed3ffff] has been reserved"<br>"system 00:07: [mem 0xfed90000-0xfed93fff] has been reserved"<br>"system 00:07: [mem 0xfed45000-0xfed8ffff] has been reserved"<br>"system 00:07: [mem 0xff000000-0xffffffff] has been reserved"<br>"system 00:07: [mem 0xfee00000-0xfeefffff] could not be reserved"<br>"system 00:07: [mem 0xcfe00000-0xcfe00fff] has been reserved"<br>"system 00:07: Plug and Play ACPI device, IDs PNP0c02 (active)"<br>"system 00:08: [mem 0xcfe00000-0xcfe00fff] has been reserved"<br>"system 00:08: Plug and Play ACPI device, IDs PNP0c02 (active)"<br>"system 00:09: [mem 0x20000000-0x201fffff] has been reserved"<br>"system 00:09: [mem 0x40004000-0x40004fff] has been reserved"<br>"system 00:09: Plug and Play ACPI device, IDs PNP0c01 (active)"<br>"pnp: PnP ACPI: found 10 devices"<br>"pci 0000:00:01.0: PCI bridge to [bus 01]"<br>"pci 0000:00:01.0:   bridge window [io  0xe000-0xefff]"<br>"pci 0000:00:01.0:   bridge window [mem 0xf6000000-0xf70fffff]"<br>"pci 0000:00:01.0:   bridge window [mem 0xe0000000-0xf1ffffff 64bit pref]"<br>"pci 0000:00:1c.0: PCI bridge to [bus 02]"<br>"pci 0000:00:1c.1: PCI bridge to [bus 03]"<br>"pci 0000:00:1c.1:   bridge window [mem 0xf7900000-0xf79fffff]"<br>"pci 0000:00:1c.3: PCI bridge to [bus 04]"<br>"pci 0000:00:1c.3:   bridge window [io  0xd000-0xdfff]"<br>"pci 0000:00:1c.3:   bridge window [mem 0xf7800000-0xf78fffff]"<br>"pci_bus 0000:00: resource 4 [io  0x0000-0x0cf7]"<br>"pci_bus 0000:00: resource 5 [io  0x0d00-0xffff]"<br>"pci_bus 0000:00: resource 6 [mem 0x000a0000-0x000bffff]"<br>"pci_bus 0000:00: resource 7 [mem 0x000c0000-0x000c3fff]"<br>"pci_bus 0000:00: resource 8 [mem 0x000c4000-0x000c7fff]"<br>"pci_bus 0000:00: resource 9 [mem 0x000c8000-0x000cbfff]"<br>"pci_bus 0000:00: resource 10 [mem 0x000cc000-0x000cffff]"<br>"pci_bus 0000:00: resource 11 [mem 0x000d0000-0x000d3fff]"<br>"pci_bus 0000:00: resource 12 [mem 0x000d4000-0x000d7fff]"<br>"pci_bus 0000:00: resource 13 [mem 0x000d8000-0x000dbfff]"<br>"pci_bus 0000:00: resource 14 [mem 0x000dc000-0x000dffff]"<br>"pci_bus 0000:00: resource 15 [mem 0xcfe00000-0xfeafffff]"<br>"pci_bus 0000:01: resource 0 [io  0xe000-0xefff]"<br>"pci_bus 0000:01: resource 1 [mem 0xf6000000-0xf70fffff]"<br>"pci_bus 0000:01: resource 2 [mem 0xe0000000-0xf1ffffff 64bit pref]"<br>"pci_bus 0000:03: resource 1 [mem 0xf7900000-0xf79fffff]"<br>"pci_bus 0000:04: resource 0 [io  0xd000-0xdfff]"<br>"pci_bus 0000:04: resource 1 [mem 0xf7800000-0xf78fffff]"<br>"NET: Registered protocol family 2"<br>"TCP established hash table entries: 131072 (order: 8, 1048576 bytes)"<br>"TCP bind hash table entries: 65536 (order: 8, 1048576 bytes)"<br>"TCP: Hash tables configured (established 131072 bind 65536)"<br>"TCP: reno registered"<br>"UDP hash table entries: 8192 (order: 6, 262144 bytes)"<br>"UDP-Lite hash table entries: 8192 (order: 6, 262144 bytes)"<br>"NET: Registered protocol family 1"<br>"pci 0000:00:02.0: Video device with shadowed ROM"<br>"pci 0000:04:00.0: set MSI_INTX_DISABLE_BUG flag"<br>"PCI: CLS 64 bytes, default 64"<br>"Trying to unpack rootfs image as initramfs..."<br>"Freeing initrd memory: 20476K (ffff8800357f2000 - ffff880036bf1000)"<br>"PCI-DMA: Using software bounce buffering for IO (SWIOTLB)"<br>"software IO TLB [mem 0xc406c000-0xc806c000] (64MB) mapped at [ffff8800c406c000-ffff8800c806bfff]"<br>"RAPL PMU detected, hw unit 2^-16 Joules, API unit is 2^-32 Joules, 3 fixed counters 163840 ms ovfl timer"<br>"microcode: CPU0 sig=0x306a9, pf=0x10, revision=0x1b"<br>"microcode: CPU1 sig=0x306a9, pf=0x10, revision=0x1b"<br>"microcode: CPU2 sig=0x306a9, pf=0x10, revision=0x1b"<br>"microcode: CPU3 sig=0x306a9, pf=0x10, revision=0x1b"<br>"microcode: CPU4 sig=0x306a9, pf=0x10, revision=0x1b"<br>"microcode: CPU5 sig=0x306a9, pf=0x10, revision=0x1b"<br>"microcode: CPU6 sig=0x306a9, pf=0x10, revision=0x1b"<br>"microcode: CPU7 sig=0x306a9, pf=0x10, revision=0x1b"<br>"microcode: Microcode Update Driver: v2.00 <tigran@aivazian.fsnet.co.uk>, Peter Oruba"<br>"Scanning for low memory corruption every 60 seconds"<br>"futex hash table entries: 2048 (order: 5, 131072 bytes)"<br>"Initialise system trusted keyring"<br>"audit: initializing netlink subsys (disabled)"<br>"audit: type=2000 audit(1436506904.680:1): initialized"<br>"HugeTLB registered 2 MB page size, pre-allocated 0 pages"<br>"zpool: loaded"<br>"zbud: loaded"<br>"VFS: Disk quotas dquot_6.5.2"<br>"VFS: Dquot-cache hash table entries: 512 (order 0, 4096 bytes)"<br>"fuse init (API version 7.23)"<br>"Key type big_key registered"<br>"Key type asymmetric registered"<br>"Asymmetric key parser \'x509\' registered"<br>"Block layer SCSI generic (bsg) driver version 0.4 loaded (major 252)"<br>"io scheduler noop registered"<br>"io scheduler deadline registered (default)"<br>"io scheduler cfq registered"<br>"pci_hotplug: PCI Hot Plug PCI Core version: 0.5"<br>"pciehp: PCI Express Hot Plug Controller Driver version: 0.4"<br>"efifb: probing for efifb"<br>"efifb: framebuffer at 0xd0000000, mapped to 0xffffc90005c00000, using 8128k, total 8128k"<br>"efifb: mode is 1920x1080x32, linelength=7680, pages=1"<br>"efifb: scrolling: redraw"<br>"efifb: Truecolor: size=8:8:8:8, shift=24:16:8:0"<br>"Console: switching to colour frame buffer device 240x67"<br>"fb0: EFI VGA frame buffer device"<br>"intel_idle: MWAIT substates: 0x21120"<br>"intel_idle: v0.4 model 0x3A"<br>"intel_idle: lapic_timer_reliable_states 0xffffffff"<br>"ACPI: AC Adapter [AC0] (on-line)"<br>"input: Lid Switch as /devices/LNXSYSTM:00/LNXSYBUS:00/PNP0C0D:00/input/input0"<br>"ACPI: Lid Switch [LID]"<br>"input: Sleep Button as /devices/LNXSYSTM:00/LNXSYBUS:00/PNP0C0E:00/input/input1"<br>"ACPI: Sleep Button [SLPB]"<br>"input: Power Button as /devices/LNXSYSTM:00/LNXPWRBN:00/input/input2"<br>"ACPI: Power Button [PWRF]"<br>"thermal LNXTHERM:00: registered as thermal_zone0"<br>"ACPI: Thermal Zone [THRM] (68 C)"<br>"GHES: HEST is not enabled!"<br>"Serial: 8250/16550 driver, 32 ports, IRQ sharing enabled"<br>"Linux agpgart interface v0.103"<br>"brd: module loaded"<br>"loop: module loaded"<br>"libphy: Fixed MDIO Bus: probed"<br>"tun: Universal TUN/TAP device driver, 1.6"<br>"tun: (C) 1999-2004 Max Krasnyansky <maxk@qualcomm.com>"<br>"PPP generic driver version 2.4.2"<br>"xhci_hcd 0000:00:14.0: xHCI Host Controller"<br>"xhci_hcd 0000:00:14.0: new USB bus registered, assigned bus number 1"<br>"xhci_hcd 0000:00:14.0: cache line size of 64 is not supported"<br>"usb usb1: New USB device found, idVendor=1d6b, idProduct=0002"<br>"usb usb1: New USB device strings: Mfr=3, Product=2, SerialNumber=1"<br>"usb usb1: Product: xHCI Host Controller"<br>"usb usb1: Manufacturer: Linux 3.19.0-21-generic xhci-hcd"<br>"usb usb1: SerialNumber: 0000:00:14.0"<br>"hub 1-0:1.0: USB hub found"<br>"hub 1-0:1.0: 4 ports detected"<br>"xhci_hcd 0000:00:14.0: xHCI Host Controller"<br>"xhci_hcd 0000:00:14.0: new USB bus registered, assigned bus number 2"<br>"usb usb2: New USB device found, idVendor=1d6b, idProduct=0003"<br>"usb usb2: New USB device strings: Mfr=3, Product=2, SerialNumber=1"<br>"usb usb2: Product: xHCI Host Controller"<br>"usb usb2: Manufacturer: Linux 3.19.0-21-generic xhci-hcd"<br>"usb usb2: SerialNumber: 0000:00:14.0"<br>"hub 2-0:1.0: USB hub found"<br>"hub 2-0:1.0: 4 ports detected"<br>"ehci_hcd: USB 2.0 \'Enhanced\' Host Controller (EHCI) Driver"<br>"ehci-pci: EHCI PCI platform driver"<br>"ehci-pci 0000:00:1a.0: EHCI Host Controller"<br>"ehci-pci 0000:00:1a.0: new USB bus registered, assigned bus number 3"<br>"ehci-pci 0000:00:1a.0: debug port 2"<br>"ehci-pci 0000:00:1a.0: cache line size of 64 is not supported"<br>"ehci-pci 0000:00:1a.0: irq 16, io mem 0xf7a18000"<br>"ehci-pci 0000:00:1a.0: USB 2.0 started, EHCI 1.00"<br>"usb usb3: New USB device found, idVendor=1d6b, idProduct=0002"<br>"usb usb3: New USB device strings: Mfr=3, Product=2, SerialNumber=1"<br>"usb usb3: Product: EHCI Host Controller"<br>"usb usb3: Manufacturer: Linux 3.19.0-21-generic ehci_hcd"<br>"usb usb3: SerialNumber: 0000:00:1a.0"<br>"hub 3-0:1.0: USB hub found"<br>"hub 3-0:1.0: 2 ports detected"<br>"ehci-pci 0000:00:1d.0: EHCI Host Controller"<br>"ehci-pci 0000:00:1d.0: new USB bus registered, assigned bus number 4"<br>"ehci-pci 0000:00:1d.0: debug port 2"<br>"ehci-pci 0000:00:1d.0: cache line size of 64 is not supported"<br>"ehci-pci 0000:00:1d.0: irq 23, io mem 0xf7a17000"<br>"ehci-pci 0000:00:1d.0: USB 2.0 started, EHCI 1.00"<br>"usb usb4: New USB device found, idVendor=1d6b, idProduct=0002"<br>"usb usb4: New USB device strings: Mfr=3, Product=2, SerialNumber=1"<br>"usb usb4: Product: EHCI Host Controller"<br>"usb usb4: Manufacturer: Linux 3.19.0-21-generic ehci_hcd"<br>"usb usb4: SerialNumber: 0000:00:1d.0"<br>"hub 4-0:1.0: USB hub found"<br>"hub 4-0:1.0: 2 ports detected"<br>"ehci-platform: EHCI generic platform driver"<br>"ohci_hcd: USB 1.1 \'Open\' Host Controller (OHCI) Driver"<br>"ohci-pci: OHCI PCI platform driver"<br>"ohci-platform: OHCI generic platform driver"<br>"uhci_hcd: USB Universal Host Controller Interface driver"<br>"i8042: PNP: PS/2 Controller [PNP030b:PS2K,PNP0f03:PS2M] at 0x60,0x64 irq 1,12"<br>"i8042: Detected active multiplexing controller, rev 1.1"<br>"serio: i8042 KBD port at 0x60,0x64 irq 1"<br>"serio: i8042 AUX0 port at 0x60,0x64 irq 12"<br>"serio: i8042 AUX1 port at 0x60,0x64 irq 12"<br>"serio: i8042 AUX2 port at 0x60,0x64 irq 12"<br>"serio: i8042 AUX3 port at 0x60,0x64 irq 12"<br>"mousedev: PS/2 mouse device common for all mice"<br>"rtc_cmos 00:02: RTC can wake from S4"<br>"rtc_cmos 00:02: rtc core: registered rtc_cmos as rtc0"<br>"rtc_cmos 00:02: alarms up to one month, y3k, 242 bytes nvram, hpet irqs"<br>"i2c /dev entries driver"<br>"device-mapper: uevent: version 1.0.3"<br>"device-mapper: ioctl: 4.29.0-ioctl (2014-10-28) initialised: dm-devel@redhat.com"<br>"Intel P-state driver initializing."<br>"Consider also installing thermald for improved thermal control."<br>"ledtrig-cpu: registered to indicate activity on CPUs"<br>"EFI Variables Facility v0.08 2004-May-17"<br>"PCCT header not found."<br>"ACPI PCC probe failed."<br>"TCP: cubic registered"<br>"NET: Registered protocol family 10"<br>"NET: Registered protocol family 17"<br>"Key type dns_resolver registered"<br>"Loading compiled-in X.509 certificates"<br>"Loaded X.509 cert \'Magrathea: Glacier signing key: 333a84cc9705ddb26e1cdce388afcedc2deff761\'"<br>"registered taskstats version 1"<br>"Key type trusted registered"<br>"Key type encrypted registered"<br>"AppArmor: AppArmor sha1 policy hashing enabled"<br>"ima: No TPM chip found, activating TPM-bypass!"<br>"evm: HMAC attrs: 0x1"<br>"  Magic number: 7:417:668"<br>"rtc_cmos 00:02: setting system clock to 2015-07-10 05:41:45 UTC (1436506905)"<br>"BIOS EDD facility v0.16 2004-Jun-25, 0 devices found"<br>"EDD information not available."<br>"PM: Hibernation image not present or could not be loaded."<br>"input: AT Translated Set 2 keyboard as /devices/platform/i8042/serio0/input/input3"<br>"ACPI: Battery Slot [BAT0] (battery present)"<br>"Freeing unused kernel memory: 1408K (ffffffff81d36000 - ffffffff81e96000)"<br>"Write protecting the kernel read-only data: 12288k"<br>"Freeing unused kernel memory: 180K (ffff8800017d3000 - ffff880001800000)"<br>"Freeing unused kernel memory: 344K (ffff880001baa000 - ffff880001c00000)"<br>"random: systemd-udevd urandom read with 11 bits of entropy available"<br>"ahci 0000:00:1f.2: version 3.0"<br>"alx 0000:04:00.0 eth0: Qualcomm Atheros AR816x/AR817x Ethernet [60:a4:4c:71:63:bd]"<br>"ahci 0000:00:1f.2: AHCI 0001.0300 32 slots 6 ports 6 Gbps 0x5 impl SATA mode"<br>"ahci 0000:00:1f.2: flags: 64bit ncq pm led clo pio slum part ems apst "<br>"scsi host0: ahci"<br>"scsi host1: ahci"<br>"scsi host2: ahci"<br>"scsi host3: ahci"<br>"scsi host4: ahci"<br>"scsi host5: ahci"<br>"ata1: SATA max UDMA/133 abar m2048@0xf7a16000 port 0xf7a16100 irq 26"<br>"ata2: DUMMY"<br>"ata3: SATA max UDMA/133 abar m2048@0xf7a16000 port 0xf7a16200 irq 26"<br>"ata4: DUMMY"<br>"ata5: DUMMY"<br>"ata6: DUMMY"<br>"usb 3-1: new high-speed USB device number 2 using ehci-pci"<br>"usb 4-1: new high-speed USB device number 2 using ehci-pci"<br>"usb 3-1: New USB device found, idVendor=8087, idProduct=0024"<br>"usb 3-1: New USB device strings: Mfr=0, Product=0, SerialNumber=0"<br>"hub 3-1:1.0: USB hub found"<br>"hub 3-1:1.0: 6 ports detected"<br>"usb 4-1: New USB device found, idVendor=8087, idProduct=0024"<br>"usb 4-1: New USB device strings: Mfr=0, Product=0, SerialNumber=0"<br>"hub 4-1:1.0: USB hub found"<br>"hub 4-1:1.0: 6 ports detected"<br>"ata1: SATA link up 6.0 Gbps (SStatus 133 SControl 300)"<br>"ata3: SATA link up 1.5 Gbps (SStatus 113 SControl 300)"<br>"ata1.00: ACPI cmd f5/00:00:00:00:00:a0 (SECURITY FREEZE LOCK) filtered out"<br>"ata1.00: ACPI cmd ef/10:06:00:00:00:a0 (SET FEATURES) succeeded"<br>"ata1.00: ACPI cmd ef/10:03:00:00:00:a0 (SET FEATURES) filtered out"<br>"ata1.00: ATA-9: M4-CT512M4SSD2, 070H, max UDMA/100"<br>"ata1.00: 1000215216 sectors, multi 16: LBA48 NCQ (depth 31/32), AA"<br>"ata1.00: ACPI cmd f5/00:00:00:00:00:a0 (SECURITY FREEZE LOCK) filtered out"<br>"ata1.00: ACPI cmd ef/10:06:00:00:00:a0 (SET FEATURES) succeeded"<br>"ata1.00: ACPI cmd ef/10:03:00:00:00:a0 (SET FEATURES) filtered out"<br>"ata3.00: ACPI cmd ef/10:06:00:00:00:a0 (SET FEATURES) succeeded"<br>"ata3.00: ACPI cmd ef/10:03:00:00:00:a0 (SET FEATURES) filtered out"<br>"ata1.00: configured for UDMA/100"<br>"scsi 0:0:0:0: Direct-Access     ATA      M4-CT512M4SSD2   070H PQ: 0 ANSI: 5"<br>"sd 0:0:0:0: [sda] 1000215216 512-byte logical blocks: (512 GB/476 GiB)"<br>"sd 0:0:0:0: Attached scsi generic sg0 type 0"<br>"sd 0:0:0:0: [sda] Write Protect is off"<br>"sd 0:0:0:0: [sda] Mode Sense: 00 3a 00 00"<br>"sd 0:0:0:0: [sda] Write cache: enabled, read cache: enabled, doesn\'t support DPO or FUA"<br>"ata3.00: ATAPI: MATSHITABD-CMB UJ160, 1.00, max UDMA/133"<br>" sda: sda1 sda2 sda4 sda5 sda7"<br>"sd 0:0:0:0: [sda] Attached SCSI disk"<br>"ata3.00: ACPI cmd ef/10:06:00:00:00:a0 (SET FEATURES) succeeded"<br>"ata3.00: ACPI cmd ef/10:03:00:00:00:a0 (SET FEATURES) filtered out"<br>"ata3.00: configured for UDMA/133"<br>"scsi 2:0:0:0: CD-ROM            MATSHITA BD-CMB UJ160     1.00 PQ: 0 ANSI: 5"<br>"sr 2:0:0:0: [sr0] scsi3-mmc drive: 24x/24x writer dvd-ram cd/rw xa/form2 cdda tray"<br>"cdrom: Uniform CD-ROM driver Revision: 3.20"<br>"sr 2:0:0:0: Attached scsi CD-ROM sr0"<br>"sr 2:0:0:0: Attached scsi generic sg1 type 5"<br>"EXT4-fs (sda4): INFO: recovery required on readonly filesystem"<br>"EXT4-fs (sda4): write access will be enabled during recovery"<br>"EXT4-fs (sda4): recovery complete"<br>"EXT4-fs (sda4): mounted filesystem with ordered data mode. Opts: (null)"<br>"usb 3-1.1: new full-speed USB device number 3 using ehci-pci"<br>"usb 3-1.1: New USB device found, idVendor=8087, idProduct=07da"<br>"usb 3-1.1: New USB device strings: Mfr=0, Product=0, SerialNumber=0"<br>"systemd[1]: RTC configured in localtime, applying delta of 480 minutes to system time."<br>"systemd[1]: Inserted module \'autofs4\'"<br>"usb 3-1.3: new high-speed USB device number 4 using ehci-pci"<br>"tsc: Refined TSC clocksource calibration: 2394.560 MHz"<br>"usb 3-1.3: New USB device found, idVendor=1bcf, idProduct=2883"<br>"usb 3-1.3: New USB device strings: Mfr=1, Product=2, SerialNumber=0"<br>"usb 3-1.3: Product: ASUS USB2.0 Webcam"<br>"usb 3-1.3: Manufacturer: 04G626000611BQ32E0008V1"<br>"psmouse serio4: elantech: assuming hardware version 4 (with firmware version 0x361f03)"<br>"psmouse serio4: elantech: Synaptics capabilities query result 0x10, 0x15, 0x0d."<br>"input: ETPS/2 Elantech Touchpad as /devices/platform/i8042/serio4/input/input11"<br>"systemd[1]: systemd 219 running in system mode. (+PAM +AUDIT +SELINUX +IMA +APPARMOR +SMACK +SYSVINIT +UTMP +LIBCRYPTSETUP +GCRYPT -GNUTLS +ACL +XZ -LZ4 -SECCOMP +BLKID -ELFUTILS +KMOD -IDN)"<br>"systemd[1]: Detected architecture x86-64."<br>"systemd[1]: Set hostname to <beezlebub>."<br>"Switched to clocksource tsc"<br>"systemd[1]: Cannot add dependency job for unit docker.socket, ignoring: Unit docker.socket is masked."<br>"systemd[1]: Reached target Encrypted Volumes."<br>"systemd[1]: Starting Encrypted Volumes."<br>"systemd[1]: Created slice Root Slice."<br>"systemd[1]: Starting Root Slice."<br>"systemd[1]: Created slice System Slice."<br>"systemd[1]: Starting System Slice."<br>"systemd[1]: Reached target Remote File Systems (Pre)."<br>"systemd[1]: Starting Remote File Systems (Pre)."<br>"systemd[1]: Started Forward Password Requests to Wall Directory Watch."<br>"systemd[1]: Starting Forward Password Requests to Wall Directory Watch."<br>"systemd[1]: Listening on fsck to fsckd communication Socket."<br>"systemd[1]: Starting fsck to fsckd communication Socket."<br>"systemd[1]: Listening on Journal Audit Socket."<br>"systemd[1]: Starting Journal Audit Socket."<br>"systemd[1]: Listening on Journal Socket."<br>"systemd[1]: Starting Journal Socket."<br>"systemd[1]: Mounting Debug File System..."<br>"systemd[1]: Started Braille Device Support."<br>"systemd[1]: Starting Braille Device Support..."<br>"systemd[1]: Mounting POSIX Message Queue File System..."<br>"systemd[1]: Starting Uncomplicated firewall..."<br>"systemd[1]: Created slice system-systemd\x2dfsck.slice."<br>"systemd[1]: Starting system-systemd\x2dfsck.slice."<br>"systemd[1]: Starting Nameserver information manager..."<br>"systemd[1]: Starting Increase datagram queue length..."<br>"systemd[1]: Listening on udev Control Socket."<br>"systemd[1]: Starting udev Control Socket."<br>"systemd[1]: Started Read required files in advance."<br>"systemd[1]: Starting Read required files in advance..."<br>"systemd[1]: Listening on Delayed Shutdown Socket."<br>"systemd[1]: Starting Delayed Shutdown Socket."<br>"systemd[1]: Set up automount Arbitrary Executable File Formats File System Automount Point."<br>"systemd[1]: Starting Arbitrary Executable File Formats File System Automount Point."<br>"systemd[1]: Started Set Up Additional Binary Formats."<br>"systemd[1]: Listening on udev Kernel Socket."<br>"systemd[1]: Starting udev Kernel Socket."<br>"systemd[1]: Starting Setup Virtual Console..."<br>"systemd[1]: Listening on /dev/initctl Compatibility Named Pipe."<br>"systemd[1]: Starting /dev/initctl Compatibility Named Pipe."<br>"systemd[1]: Starting udev Coldplug all Devices..."<br>"systemd[1]: Starting Create list of required static device nodes for the current kernel..."<br>"systemd[1]: Created slice system-getty.slice."<br>"systemd[1]: Starting system-getty.slice."<br>"systemd[1]: Created slice User and Session Slice."<br>"systemd[1]: Starting User and Session Slice."<br>"systemd[1]: Reached target Slices."<br>"systemd[1]: Starting Slices."<br>"systemd[1]: Mounting Huge Pages File System..."<br>"systemd[1]: Listening on Journal Socket (/dev/log)."<br>"systemd[1]: Starting Journal Socket (/dev/log)."<br>"systemd[1]: Starting Load Kernel Modules..."<br>"systemd[1]: Mounted POSIX Message Queue File System."<br>"systemd[1]: Mounted Huge Pages File System."<br>"systemd[1]: Mounted Debug File System."<br>"systemd[1]: Started Uncomplicated firewall."<br>"systemd[1]: Started Increase datagram queue length."<br>"systemd[1]: Started Setup Virtual Console."<br>"systemd[1]: Started Create list of required static device nodes for the current kernel."<br>"systemd[1]: Started Nameserver information manager."<br>"lp: driver loaded but no devices found"<br>"systemd[1]: Started udev Coldplug all Devices."<br>"ppdev: user-space parallel port driver"<br>"systemd[1]: Starting udev Wait for Complete Device Initialization..."<br>"systemd[1]: Starting Create Static Device Nodes in /dev..."<br>"systemd[1]: Listening on Syslog Socket."<br>"systemd[1]: Starting Syslog Socket."<br>"systemd[1]: Starting Journal Service..."<br>"systemd[1]: Started Load Kernel Modules."<br>"systemd[1]: Starting Apply Kernel Variables..."<br>"systemd[1]: Mounted Configuration File System."<br>"systemd[1]: Mounting FUSE Control File System..."<br>"systemd[1]: Mounted FUSE Control File System."<br>"systemd[1]: Started Create Static Device Nodes in /dev."<br>"systemd[1]: Starting udev Kernel Device Manager..."<br>"systemd[1]: Started Apply Kernel Variables."<br>"systemd[1]: Started Journal Service."<br>"random: nonblocking pool is initialized"<br>"wmi: Mapper loaded"<br>"shpchp: Standard Hot Plug PCI Controller Driver version: 0.4"<br>"ACPI Warning: SystemIO range 0x0000000000000428-0x000000000000042f conflicts with OpRegion 0x0000000000000400-0x000000000000044f (\GPIS) (20141107/utaddress-258)"<br>"ACPI Warning: SystemIO range 0x0000000000000428-0x000000000000042f conflicts with OpRegion 0x0000000000000400-0x000000000000047f (\PMIO) (20141107/utaddress-258)"<br>"ACPI: This conflict may cause random problems and system instability"<br>"ACPI: If an ACPI driver is available for this device, you should use it instead of the native driver"<br>"ACPI Warning: SystemIO range 0x0000000000000540-0x000000000000054f conflicts with OpRegion 0x0000000000000500-0x000000000000057f (\GPIO) (20141107/utaddress-258)"<br>"ACPI Warning: SystemIO range 0x0000000000000540-0x000000000000054f conflicts with OpRegion 0x0000000000000500-0x0000000000000563 (\GP01) (20141107/utaddress-258)"<br>"ACPI: This conflict may cause random problems and system instability"<br>"ACPI: If an ACPI driver is available for this device, you should use it instead of the native driver"<br>"ACPI Warning: SystemIO range 0x0000000000000530-0x000000000000053f conflicts with OpRegion 0x0000000000000500-0x000000000000057f (\GPIO) (20141107/utaddress-258)"<br>"ACPI Warning: SystemIO range 0x0000000000000530-0x000000000000053f conflicts with OpRegion 0x0000000000000500-0x0000000000000563 (\GP01) (20141107/utaddress-258)"<br>"ACPI: This conflict may cause random problems and system instability"<br>"ACPI: If an ACPI driver is available for this device, you should use it instead of the native driver"<br>"ACPI Warning: SystemIO range 0x0000000000000500-0x000000000000052f conflicts with OpRegion 0x0000000000000500-0x000000000000057f (\GPIO) (20141107/utaddress-258)"<br>"ACPI Warning: SystemIO range 0x0000000000000500-0x000000000000052f conflicts with OpRegion 0x0000000000000500-0x0000000000000563 (\GP01) (20141107/utaddress-258)"<br>"ACPI: This conflict may cause random problems and system instability"<br>"ACPI: If an ACPI driver is available for this device, you should use it instead of the native driver"<br>"[drm] Initialized drm 1.1.0 20060810"<br>"cfg80211: Calling CRDA to update world regulatory domain"<br>"Intel(R) Wireless WiFi driver for Linux, in-tree:"<br>"Copyright(c) 2003- 2014 Intel Corporation"<br>"iwlwifi 0000:03:00.0: can\'t disable ASPM; OS doesn\'t have ASPM control"<br>"AVX version of gcm_enc/dec engaged."<br>"AES CTR mode by8 optimization enabled"<br>"iwlwifi 0000:03:00.0: loaded firmware version 18.168.6.1 op_mode iwldvm"<br>"device-mapper: multipath: version 1.7.0 loaded"<br>"[drm] Memory usable by graphics device = 2048M"<br>"checking generic (d0000000 7f0000) vs hw (d0000000 10000000)"<br>"fb: switching to inteldrmfb from EFI VGA"<br>"Console: switching to colour dummy device 80x25"<br>"[drm] Replacing VGA console driver"<br>"media: Linux media interface: v0.10"<br>"Bluetooth: Core ver 2.20"<br>"iwlwifi 0000:03:00.0: CONFIG_IWLWIFI_DEBUG disabled"<br>"iwlwifi 0000:03:00.0: CONFIG_IWLWIFI_DEBUGFS enabled"<br>"iwlwifi 0000:03:00.0: CONFIG_IWLWIFI_DEVICE_TRACING enabled"<br>"NET: Registered protocol family 31"<br>"Bluetooth: HCI device and connection manager initialized"<br>"iwlwifi 0000:03:00.0: Detected Intel(R) Centrino(R) Wireless-N 2230 BGN, REV=0xC8"<br>"Bluetooth: HCI socket layer initialized"<br>"Bluetooth: L2CAP socket layer initialized"<br>"Bluetooth: SCO socket layer initialized"<br>"iwlwifi 0000:03:00.0: L1 Enabled - LTR Disabled"<br>"Linux video capture interface: v2.00"<br>"usbcore: registered new interface driver btusb"<br>"intel_rapl: Found RAPL domain package"<br>"intel_rapl: Found RAPL domain core"<br>"intel_rapl: Found RAPL domain uncore"<br>"[drm] Supports vblank timestamp caching Rev 2 (21.10.2013)."<br>"[drm] Driver supports precise vblank timestamp query."<br>"vgaarb: device changed decodes: PCI:0000:00:02.0,olddecodes=io+mem,decodes=none:owns=io+mem"<br>"gpio_ich: GPIO from 436 to 511 on gpio_ich"<br>"cfg80211: World regulatory domain updated:"<br>"cfg80211:  DFS Master region: unset"<br>"cfg80211:   (start_freq - end_freq @ bandwidth), (max_antenna_gain, max_eirp), (dfs_cac_time)"<br>"cfg80211:   (2402000 KHz - 2472000 KHz @ 40000 KHz), (300 mBi, 2000 mBm), (N/A)"<br>"cfg80211:   (2457000 KHz - 2482000 KHz @ 40000 KHz), (300 mBi, 2000 mBm), (N/A)"<br>"cfg80211:   (2474000 KHz - 2494000 KHz @ 20000 KHz), (300 mBi, 2000 mBm), (N/A)"<br>"cfg80211:   (5170000 KHz - 5250000 KHz @ 40000 KHz), (300 mBi, 2000 mBm), (N/A)"<br>"cfg80211:   (5735000 KHz - 5835000 KHz @ 40000 KHz), (300 mBi, 2000 mBm), (N/A)"<br>"ieee80211 phy0: Selected rate control algorithm \'iwl-agn-rs\'"<br>"asus_wmi: ASUS WMI generic driver loaded"<br>"asus_wmi: Initialization: 0x1"<br>"asus_wmi: BIOS WMI version: 7.9"<br>"asus_wmi: SFUN value: 0x6a0877"<br>"input: Asus WMI hotkeys as /devices/platform/asus-nb-wmi/input/input12"<br>"uvcvideo: Found UVC 1.00 device ASUS USB2.0 Webcam (1bcf:2883)"<br>"Adding 16760828k swap on /dev/sda5.  Priority:-1 extents:1 across:16760828k SSFS"<br>"ACPI: Video Device [PEGP] (multi-head: yes  rom: yes  post: no)"<br>"input: Video Bus as /devices/LNXSYSTM:00/LNXSYBUS:00/PNP0A08:00/device:02/LNXVIDEO:00/input/input13"<br>"ACPI: Video Device [GFX0] (multi-head: yes  rom: no  post: no)"<br>"input: Video Bus as /devices/LNXSYSTM:00/LNXSYBUS:00/PNP0A08:00/LNXVIDEO:01/input/input14"<br>"[drm] Initialized i915 1.6.0 20141121 for 0000:00:02.0 on minor 0"<br>"input: ASUS USB2.0 Webcam as /devices/pci0000:00/0000:00:1a.0/usb3/3-1/3-1.3/3-1.3:1.0/input/input15"<br>"usbcore: registered new interface driver uvcvideo"<br>"USB Video Class driver (1.1.1)"<br>"sound hdaudioC0D0: autoconfig: line_outs=2 (0x14/0x16/0x0/0x0/0x0) type:speaker"<br>"sound hdaudioC0D0:    speaker_outs=0 (0x0/0x0/0x0/0x0/0x0)"<br>"sound hdaudioC0D0:    hp_outs=1 (0x21/0x0/0x0/0x0/0x0)"<br>"sound hdaudioC0D0:    mono: mono_out=0x0"<br>"sound hdaudioC0D0:    dig-out=0x1e/0x0"<br>"sound hdaudioC0D0:    inputs:"<br>"sound hdaudioC0D0:      Internal Mic=0x19"<br>"sound hdaudioC0D0:      Mic=0x18"<br>"fbcon: inteldrmfb (fb0) is primary device"<br>"Console: switching to colour frame buffer device 240x67"<br>"i915 0000:00:02.0: fb0: inteldrmfb frame buffer device"<br>"i915 0000:00:02.0: registered panic notifier"<br>"input: HDA Intel PCH Mic as /devices/pci0000:00/0000:00:1b.0/sound/card0/input16"<br>"input: HDA Intel PCH Headphone as /devices/pci0000:00/0000:00:1b.0/sound/card0/input17"<br>"asus_wmi: Backlight controlled by ACPI video driver"<br>"EXT4-fs (sda4): re-mounted. Opts: errors=remount-ro"<br>"systemd-journald[346]: Received request to flush runtime journal from PID 1"<br>"EXT4-fs (sda2): mounted filesystem with ordered data mode. Opts: (null)"<br>"EXT4-fs (sda7): mounted filesystem with ordered data mode. Opts: (null)"<br>"audit: type=1400 audit(1436478108.432:2): apparmor=\"STATUS\" operation=\"profile_load\" profile=\"unconfined\" name=\"/usr/lib/lightdm/lightdm-guest-session\" pid=728 comm=\"apparmor_parser\""<br>"bbswitch: version 0.7"<br>"bbswitch: Found integrated VGA device 0000:00:02.0: \_SB_.PCI0.GFX0"<br>"bbswitch: Found discrete VGA device 0000:01:00.0: \_SB_.PCI0.PEG0.PEGP"<br>"ACPI Warning: \_SB_.PCI0.PEG0.PEGP._DSM: Argument #4 type mismatch - Found [Buffer], ACPI requires [Package] (20141107/nsarguments-95)"<br>"bbswitch: detected an Optimus _DSM function"<br>"pci 0000:01:00.0: enabling device (0000 -> 0003)"<br>"bbswitch: Succesfully loaded. Discrete card 0000:01:00.0 is on"<br>"bbswitch: disabling discrete graphics"<br>"ACPI Warning: \_SB_.PCI0.PEG0.PEGP._DSM: Argument #4 type mismatch - Found [Buffer], ACPI requires [Package] (20141107/nsarguments-95)"<br>"Bluetooth: BNEP (Ethernet Emulation) ver 1.3"<br>"Bluetooth: BNEP filters: protocol multicast"<br>"Bluetooth: BNEP socket layer initialized"<br>"Bluetooth: RFCOMM TTY layer initialized"<br>"Bluetooth: RFCOMM socket layer initialized"<br>"Bluetooth: RFCOMM ver 1.11"<br>"iwlwifi 0000:03:00.0: L1 Enabled - LTR Disabled"<br>"iwlwifi 0000:03:00.0: Radio type=0x2-0x0-0x0"<br>"iwlwifi 0000:03:00.0: L1 Enabled - LTR Disabled"<br>"iwlwifi 0000:03:00.0: Radio type=0x2-0x0-0x0"<br>"wlan0: authenticate with 00:90:cc:ea:f4:16"<br>"wlan0: send auth to 00:90:cc:ea:f4:16 (try 1/3)"<br>"wlan0: authenticated"<br>"iwlwifi 0000:03:00.0 wlan0: disabling HT/VHT due to WEP/TKIP use"<br>"iwlwifi 0000:03:00.0 wlan0: disabling HT as WMM/QoS is not supported by the AP"<br>"iwlwifi 0000:03:00.0 wlan0: disabling VHT as WMM/QoS is not supported by the AP"<br>"wlan0: associate with 00:90:cc:ea:f4:16 (try 1/3)"<br>"wlan0: RX AssocResp from 00:90:cc:ea:f4:16 (capab=0x431 status=0 aid=3)"<br>"wlan0: associated"<br>"vboxdrv: Found 8 processor cores."<br>"vboxdrv: fAsync=0 offMin=0x165 offMax=0x24ab"<br>"vboxdrv: TSC mode is \'synchronous\', kernel timer mode is \'normal\'."<br>"vboxdrv: Successfully loaded version 4.3.26_Ubuntu (interface 0x001a000a)."<br>"vboxpci: IOMMU not found (not registered)"<br>"ip_tables: (C) 2000-2006 Netfilter Core Team"<br>"ip6_tables: (C) 2000-2006 Netfilter Core Team"<br>"Ebtables v2.0 registered"<br>"bridge: automatic filtering via arp/ip/ip6tables has been deprecated. Update your scripts to load br_netfilter if you need this."<br>"device virbr0-nic entered promiscuous mode"<br>"nf_conntrack version 0.5.0 (16384 buckets, 65536 max)"<br>"virbr0: port 1(virbr0-nic) entered listening state"<br>"virbr0: port 1(virbr0-nic) entered listening state"<br>"virbr0: port 1(virbr0-nic) entered disabled state"<br>"Initialising..."',
	'@echo off<br>setlocal EnableDelayedExpansion<br>for /l %%i in (1, 1, 10) do (<br>  set array_%%i=!random!<br>)<br>for /l %%i in (1, 1, 10) do (<br>  echo !array_%%i!<br>)<br>:: For each item in the array, not knowing the length<br>set i=1<br>:startloop<br>if not defined array_%i% goto endloop<br>set array_%i%=!array_%i%!_dummy_suffix<br>echo A%i%: !array_%i%!<br>set /a i+=1<br>goto startloop<br>:endloop',
	'@Echo off<br>:: Check WMIC is available<br>WMIC.EXE Alias /? >NUL 2>&1 || GOTO s_error<br> <br>:: Use WMIC to retrieve date and time for Windows XP Professional or Vista/Windows 7<br>FOR /F "skip=1 tokens=1-6" %%G IN (\'WMIC Path Win32_LocalTime Get Day^,Hour^,Minute^,Month^,Second^,Year /Format:table\') DO (<br>   IF "%%~L"=="" goto s_done<br>      Set _yyyy=%%L<br>      Set _mm=00%%J<br>      Set _dd=00%%G<br>      Set _hour=00%%H<br>      SET _minute=00%%I<br>)<br>:s_done<br> <br>:: Pad digits with leading zeros<br>      Set _mm=%_mm:~-2%<br>      Set _dd=%_dd:~-2%<br>      Set _hour=%_hour:~-2%<br>      Set _minute=%_minute:~-2%<br> <br>::Store current date in a variable called _curdate:<br>Set _curdate=%_dd%/%_mm%/%_yyyy%<br>::Change date:<br>DATE 19/04/2015<br>::Start Launcher:<br>CD /d "%~dp0"<br>start /wait Launcher.exe<br>pause<br>::Change date to current date again:<br>DATE %_curdate%<br>EXIT',
	'<br>@echo off<br>goto menu<br>:menu<br>echo.<br>echo What would you like to do?<br>echo.<br>echo Choice<br>echo.<br>echo 1 Power Off<br>echo 2 Restart<br>echo 3 Log Off<br>echo 4 Switch User<br>echo 5 Hibernate<br>echo 6 Quit<br>echo.<br>:choice<br>set /P C=[1,2,3,4,5,6]?<br>if "%C%"=="6" goto quit<br>if "%C%"=="5" goto hibernate<br>if "%C%"=="4" goto switch<br>if "%C%"=="3" goto logoff<br>if "%C%"=="2" goto restart<br>if "%C%"=="1" goto power<br>goto choice<br>:power<br>shutdown -s<br>goto quit<br>:restart<br>shutdown -r<br>goto quit<br>:logoff<br>shutdown -l<br>goto quit<br>:switch<br>tsdiscon<br>goto quit<br>:hibernate<br>%windir%\system32\rundll32.exe powrprof.dll,SetSuspendState Hibernate<br>goto quit<br>:quit<br>exit<br>:end',
	'define(\'SF_ROOT_DIR\',    realpath(dirname(__FILE__).\'/..\'));<br>define(\'SF_APP\',         \'frontend\');<br>define(\'SF_ENVIRONMENT\', \'dev\');<br>define(\'SF_DEBUG\',       true);<br> <br>require_once(SF_ROOT_DIR.DIRECTORY_SEPARATOR.\'apps\'.DIRECTORY_SEPARATOR.SF_APP.DIRECTORY_SEPARATOR.\'config\'.DIRECTORY_SEPARATOR.\'config.php\');<br> <br>sfContext::getInstance();<br> <br>// initialize database manager<br>$databaseManager = new sfDatabaseManager();<br>$databaseManager->initialize();<br> <br>echo \'Loading States - \';<br> <br>$page = file_get_contents(\'http://www.citytowninfo.com/places\');<br> <br>preg_match_all(\'@<tr><td><a href="http://www.citytowninfo.com/places/[^"]*"><strong>([a-z-A-Z ]*)</strong></a></td><td>[^<]*</td><td><a href="http://www.citytowninfo.com/places/[^/]*/[^"]*">[^<]*</a></td></tr>@i\', $page, $states, PREG_SET_ORDER);<br> <br>echo count($states). "\n";<br> <br>for ($i = 0; $i < count($states); $i++)<br>{<br>    $state = new State();<br>    $state->setName($states[$i][1]);<br>    $state->save();<br> <br>    $page  = file_get_contents(\'http://www.citytowninfo.com/places/\' . str_replace(\' \', \'-\', strtolower($state->getName())) . \'/alphabetically/a-d\');<br>    $page .= file_get_contents(\'http://www.citytowninfo.com/places/\' . str_replace(\' \', \'-\', strtolower($state->getName())) . \'/alphabetically/e-h\');<br>    $page .= file_get_contents(\'http://www.citytowninfo.com/places/\' . str_replace(\' \', \'-\', strtolower($state->getName())) . \'/alphabetically/i-l\');<br>    $page .= file_get_contents(\'http://www.citytowninfo.com/places/\' . str_replace(\' \', \'-\', strtolower($state->getName())) . \'/alphabetically/m-p\');<br>    $page .= file_get_contents(\'http://www.citytowninfo.com/places/\' . str_replace(\' \', \'-\', strtolower($state->getName())) . \'/alphabetically/q-u\');<br>    $page .= file_get_contents(\'http://www.citytowninfo.com/places/\' . str_replace(\' \', \'-\', strtolower($state->getName())) . \'/alphabetically/v-z\');<br> <br>    preg_match_all(\'@<tr><td><a href="/places/[^/]*/[^/]*"><strong>([a-z-A-Z ]*)</strong></a></td><td>[^<]*</td><td>[^<]*</td></tr>@i\', $page, $cities, PREG_SET_ORDER);<br>?><br>Getting cities for <?php echo $state->getName(); ?> - <?php echo count($cities); ?><br> <br><?php<br>    for ($j = 0; $j < count($cities); $j++)<br>    {<br>        $city = new City();<br>        $city->setName($cities[$j][1]);<br>        $city->setStateId($state->getId());<br>        $city->save();<br>    }<br>}<br> ',
